Component: Arm Compiler for Embedded 6.19 Tool: armlink [5e73cb00]

==============================================================================

Section Cross References

    startup_stm32f103xb.o(STACK) refers (Special) to heapauxi.o(.text) for __use_two_region_memory
    startup_stm32f103xb.o(HEAP) refers (Special) to heapauxi.o(.text) for __use_two_region_memory
    startup_stm32f103xb.o(RESET) refers (Special) to heapauxi.o(.text) for __use_two_region_memory
    startup_stm32f103xb.o(RESET) refers to startup_stm32f103xb.o(STACK) for __initial_sp
    startup_stm32f103xb.o(RESET) refers to startup_stm32f103xb.o(.text) for Reset_Handler
    startup_stm32f103xb.o(RESET) refers to stm32f1xx_it.o(.text.NMI_Handler) for NMI_Handler
    startup_stm32f103xb.o(RESET) refers to stm32f1xx_it.o(.text.HardFault_Handler) for HardFault_Handler
    startup_stm32f103xb.o(RESET) refers to stm32f1xx_it.o(.text.MemManage_Handler) for MemManage_Handler
    startup_stm32f103xb.o(RESET) refers to stm32f1xx_it.o(.text.BusFault_Handler) for BusFault_Handler
    startup_stm32f103xb.o(RESET) refers to stm32f1xx_it.o(.text.UsageFault_Handler) for UsageFault_Handler
    startup_stm32f103xb.o(RESET) refers to stm32f1xx_it.o(.text.SVC_Handler) for SVC_Handler
    startup_stm32f103xb.o(RESET) refers to stm32f1xx_it.o(.text.DebugMon_Handler) for DebugMon_Handler
    startup_stm32f103xb.o(RESET) refers to stm32f1xx_it.o(.text.PendSV_Handler) for PendSV_Handler
    startup_stm32f103xb.o(RESET) refers to stm32f1xx_it.o(.text.SysTick_Handler) for SysTick_Handler
    startup_stm32f103xb.o(RESET) refers to stm32f1xx_it.o(.text.TIM1_UP_IRQHandler) for TIM1_UP_IRQHandler
    startup_stm32f103xb.o(.text) refers (Special) to heapauxi.o(.text) for __use_two_region_memory
    startup_stm32f103xb.o(.text) refers to system_stm32f1xx.o(.text.SystemInit) for SystemInit
    startup_stm32f103xb.o(.text) refers to __main.o(!!!main) for __main
    startup_stm32f103xb.o(.text) refers to startup_stm32f103xb.o(HEAP) for Heap_Mem
    startup_stm32f103xb.o(.text) refers to startup_stm32f103xb.o(STACK) for Stack_Mem
    music_box_main.o(.text.music_box_init) refers to music_box_main.o(.bss.musicbox) for musicbox
    music_box_main.o(.text.music_box_init) refers to menu_interface.o(.text.Menu_Control_Init) for Menu_Control_Init
    music_box_main.o(.text.music_box_init) refers to stpmotor.o(.text.STP_SetMotorPIDParams) for STP_SetMotorPIDParams
    music_box_main.o(.text.music_box_init) refers to stpmotor.o(.text.STP_SetMotorLimits) for STP_SetMotorLimits
    music_box_main.o(.text.music_box_init) refers to tim.o(.bss.htim1) for htim1
    music_box_main.o(.text.music_box_init) refers to stpmotor.o(.text.STP_SetMotorPins) for STP_SetMotorPins
    music_box_main.o(.text.music_box_init) refers to stpmotor.o(.text.STP_SetMotorMode) for STP_SetMotorMode
    music_box_main.o(.text.music_box_init) refers to stpmotor.o(.text.STP_MotorInit) for STP_MotorInit
    music_box_main.o(.text.music_box_init) refers to stpmotor.o(.text.STP_MotorStart) for STP_MotorStart
    music_box_main.o(.ARM.exidx.text.music_box_init) refers to music_box_main.o(.text.music_box_init) for [Anonymous Symbol]
    music_box_main.o(.text.music_box_main) refers to music_box_main.o(.bss.musicbox) for musicbox
    music_box_main.o(.text.music_box_main) refers to fmul.o(x$fpl$fmul) for __aeabi_fmul
    music_box_main.o(.text.music_box_main) refers to f2d.o(x$fpl$f2d) for __aeabi_f2d
    music_box_main.o(.text.music_box_main) refers to dcmp.o(x$fpl$fcmp) for __aeabi_dcmpgt
    music_box_main.o(.text.music_box_main) refers to music_box_main.o(.data.motormode) for motormode
    music_box_main.o(.text.music_box_main) refers to music_box_main.o(.data.microsteps) for microsteps
    music_box_main.o(.text.music_box_main) refers to stpmotor.o(.text.STP_SetMotorMode) for STP_SetMotorMode
    music_box_main.o(.text.music_box_main) refers to stpmotor.o(.text.STP_SetMotorFrequency) for STP_SetMotorFrequency
    music_box_main.o(.ARM.exidx.text.music_box_main) refers to music_box_main.o(.text.music_box_main) for [Anonymous Symbol]
    main.o(.text.main) refers to stm32f1xx_hal.o(.text.HAL_Init) for HAL_Init
    main.o(.text.main) refers to main.o(.text.SystemClock_Config) for SystemClock_Config
    main.o(.text.main) refers to gpio.o(.text.MX_GPIO_Init) for MX_GPIO_Init
    main.o(.text.main) refers to tim.o(.text.MX_TIM1_Init) for MX_TIM1_Init
    main.o(.text.main) refers to i2c.o(.text.MX_I2C1_Init) for MX_I2C1_Init
    main.o(.text.main) refers to music_box_main.o(.text.music_box_init) for music_box_init
    main.o(.text.main) refers to stm32f1xx_hal.o(.text.HAL_GetTick) for HAL_GetTick
    main.o(.text.main) refers to music_box_main.o(.text.music_box_main) for music_box_main
    main.o(.ARM.exidx.text.main) refers to main.o(.text.main) for [Anonymous Symbol]
    main.o(.text.SystemClock_Config) refers to rt_memclr_w.o(.text) for __aeabi_memclr4
[...]
    __rt_lib_init_alloca_1                   0x0800020f   Thumb Code     0  libinit2.o(.ARM.Collect$$libinit$$00000030)
    __rt_lib_init_argv_1                     0x0800020f   Thumb Code     0  libinit2.o(.ARM.Collect$$libinit$$0000002E)
    __rt_lib_init_atexit_1                   0x0800020f   Thumb Code     0  libinit2.o(.ARM.Collect$$libinit$$0000001D)
    __rt_lib_init_clock_1                    0x0800020f   Thumb Code     0  libinit2.o(.ARM.Collect$$libinit$$00000023)
    __rt_lib_init_cpp_1                      0x0800020f   Thumb Code     0  libinit2.o(.ARM.Collect$$libinit$$00000034)
    __rt_lib_init_exceptions_1               0x0800020f   Thumb Code     0  libinit2.o(.ARM.Collect$$libinit$$00000032)
    __rt_lib_init_fp_trap_1                  0x0800020f   Thumb Code     0  libinit2.o(.ARM.Collect$$libinit$$00000021)
    __rt_lib_init_getenv_1                   0x0800020f   Thumb Code     0  libinit2.o(.ARM.Collect$$libinit$$00000025)
    __rt_lib_init_lc_numeric_1               0x0800020f   Thumb Code     0  libinit2.o(.ARM.Collect$$libinit$$00000019)
    __rt_lib_init_lc_time_1                  0x0800020f   Thumb Code     0  libinit2.o(.ARM.Collect$$libinit$$0000001B)
    __rt_lib_init_return                     0x0800020f   Thumb Code     0  libinit2.o(.ARM.Collect$$libinit$$00000035)
    __rt_lib_init_signal_1                   0x0800020f   Thumb Code     0  libinit2.o(.ARM.Collect$$libinit$$0000001F)
    __rt_lib_init_stdio_1                    0x0800020f   Thumb Code     0  libinit2.o(.ARM.Collect$$libinit$$00000027)
    __rt_lib_shutdown                        0x08000211   Thumb Code     0  libshutdown.o(.ARM.Collect$$libshutdown$$00000000)
    __rt_lib_shutdown_cpp_1                  0x08000213   Thumb Code     0  libshutdown2.o(.ARM.Collect$$libshutdown$$00000002)
    __rt_lib_shutdown_fp_trap_1              0x08000213   Thumb Code     0  libshutdown2.o(.ARM.Collect$$libshutdown$$00000007)
    __rt_lib_shutdown_heap_1                 0x08000213   Thumb Code     0  libshutdown2.o(.ARM.Collect$$libshutdown$$0000000F)
    __rt_lib_shutdown_return                 0x08000213   Thumb Code     0  libshutdown2.o(.ARM.Collect$$libshutdown$$00000010)
    __rt_lib_shutdown_signal_1               0x08000213   Thumb Code     0  libshutdown2.o(.ARM.Collect$$libshutdown$$0000000A)
    __rt_lib_shutdown_stdio_1                0x08000213   Thumb Code     0  libshutdown2.o(.ARM.Collect$$libshutdown$$00000004)
    __rt_lib_shutdown_user_alloc_1           0x08000213   Thumb Code     0  libshutdown2.o(.ARM.Collect$$libshutdown$$0000000C)
    __rt_entry                               0x08000215   Thumb Code     0  __rtentry.o(.ARM.Collect$$rtentry$$00000000)
    __rt_entry_presh_1                       0x08000215   Thumb Code     0  __rtentry2.o(.ARM.Collect$$rtentry$$00000002)
    __rt_entry_sh                            0x08000215   Thumb Code     0  __rtentry4.o(.ARM.Collect$$rtentry$$00000004)
    __rt_entry_li                            0x0800021b   Thumb Code     0  __rtentry2.o(.ARM.Collect$$rtentry$$0000000A)
    __rt_entry_postsh_1                      0x0800021b   Thumb Code     0  __rtentry2.o(.ARM.Collect$$rtentry$$00000009)
    __rt_entry_main                          0x0800021f   Thumb Code     0  __rtentry2.o(.ARM.Collect$$rtentry$$0000000D)
    __rt_entry_postli_1                      0x0800021f   Thumb Code     0  __rtentry2.o(.ARM.Collect$$rtentry$$0000000C)
    __rt_exit                                0x08000227   Thumb Code     0  rtexit.o(.ARM.Collect$$rtexit$$00000000)
    __rt_exit_ls                             0x08000229   Thumb Code     0  rtexit2.o(.ARM.Collect$$rtexit$$00000003)
    __rt_exit_prels_1                        0x08000229   Thumb Code     0  rtexit2.o(.ARM.Collect$$rtexit$$00000002)
    __rt_exit_exit                           0x0800022d   Thumb Code     0  rtexit2.o(.ARM.Collect$$rtexit$$00000004)
    Reset_Handler                            0x08000235   Thumb Code     8  startup_stm32f103xb.o(.text)
    ADC1_2_IRQHandler                        0x0800024f   Thumb Code     0  startup_stm32f103xb.o(.text)
    CAN1_RX1_IRQHandler                      0x0800024f   Thumb Code     0  startup_stm32f103xb.o(.text)
    CAN1_SCE_IRQHandler                      0x0800024f   Thumb Code     0  startup_stm32f103xb.o(.text)
    DMA1_Channel1_IRQHandler                 0x0800024f   Thumb Code     0  startup_stm32f103xb.o(.text)
    DMA1_Channel2_IRQHandler                 0x0800024f   Thumb Code     0  startup_stm32f103xb.o(.text)
    DMA1_Channel3_IRQHandler                 0x0800024f   Thumb Code     0  startup_stm32f103xb.o(.text)
    DMA1_Channel4_IRQHandler                 0x0800024f   Thumb Code     0  startup_stm32f103xb.o(.text)
    DMA1_Channel5_IRQHandler                 0x0800024f   Thumb Code     0  startup_stm32f103xb.o(.text)
    DMA1_Channel6_IRQHandler                 0x0800024f   Thumb Code     0  startup_stm32f103xb.o(.text)
    DMA1_Channel7_IRQHandler                 0x0800024f   Thumb Code     0  startup_stm32f103xb.o(.text)
    EXTI0_IRQHandler                         0x0800024f   Thumb Code     0  startup_stm32f103xb.o(.text)
    EXTI15_10_IRQHandler                     0x0800024f   Thumb Code     0  startup_stm32f103xb.o(.text)
    EXTI1_IRQHandler                         0x0800024f   Thumb Code     0  startup_stm32f103xb.o(.text)
    EXTI2_IRQHandler                         0x0800024f   Thumb Code     0  startup_stm32f103xb.o(.text)
    EXTI3_IRQHandler                         0x0800024f   Thumb Code     0  startup_stm32f103xb.o(.text)
    EXTI4_IRQHandler                         0x0800024f   Thumb Code     0  startup_stm32f103xb.o(.text)
    EXTI9_5_IRQHandler                       0x0800024f   Thumb Code     0  startup_stm32f103xb.o(.text)
    FLASH_IRQHandler                         0x0800024f   Thumb Code     0  startup_stm32f103xb.o(.text)
    I2C1_ER_IRQHandler                       0x0800024f   Thumb Code     0  startup_stm32f103xb.o(.text)
    I2C1_EV_IRQHandler                       0x0800024f   Thumb Code     0  startup_stm32f103xb.o(.text)
    I2C2_ER_IRQHandler                       0x0800024f   Thumb Code     0  startup_stm32f103xb.o(.text)
    I2C2_EV_IRQHandler                       0x0800024f   Thumb Code     0  startup_stm32f103xb.o(.text)
    PVD_IRQHandler                           0x0800024f   Thumb Code     0  startup_stm32f103xb.o(.text)
    RCC_IRQHandler                           0x0800024f   Thumb Code     0  startup_stm32f103xb.o(.text)
    RTC_Alarm_IRQHandler                     0x0800024f   Thumb Code     0  startup_stm32f103xb.o(.text)
    RTC_IRQHandler                           0x0800024f   Thumb Code     0  startup_stm32f103xb.o(.text)
    SPI1_IRQHandler                          0x0800024f   Thumb Code     0  startup_stm32f103xb.o(.text)
    SPI2_IRQHandler                          0x0800024f   Thumb Code     0  startup_stm32f103xb.o(.text)
    TAMPER_IRQHandler                        0x0800024f   Thumb Code     0  startup_stm32f103xb.o(.text)
    TIM1_BRK_IRQHandler                      0x0800024f   Thumb Code     0  startup_stm32f103xb.o(.text)
    TIM1_CC_IRQHandler                       0x0800024f   Thumb Code     0  startup_stm32f103xb.o(.text)
    TIM1_TRG_COM_IRQHandler                  0x0800024f   Thumb Code     0  startup_stm32f103xb.o(.text)
    TIM2_IRQHandler                          0x0800024f   Thumb Code     0  startup_stm32f103xb.o(.text)
    TIM3_IRQHandler                          0x0800024f   Thumb Code     0  startup_stm32f103xb.o(.text)
    TIM4_IRQHandler                          0x0800024f   Thumb Code     0  startup_stm32f103xb.o(.text)
    USART1_IRQHandler                        0x0800024f   Thumb Code     0  startup_stm32f103xb.o(.text)
    USART2_IRQHandler                        0x0800024f   Thumb Code     0  startup_stm32f103xb.o(.text)
    USART3_IRQHandler                        0x0800024f   Thumb Code     0  startup_stm32f103xb.o(.text)
    USBWakeUp_IRQHandler                     0x0800024f   Thumb Code     0  startup_stm32f103xb.o(.text)
    USB_HP_CAN1_TX_IRQHandler                0x0800024f   Thumb Code     0  startup_stm32f103xb.o(.text)
    USB_LP_CAN1_RX0_IRQHandler               0x0800024f   Thumb Code     0  startup_stm32f103xb.o(.text)
    WWDG_IRQHandler                          0x0800024f   Thumb Code     0  startup_stm32f103xb.o(.text)
    __user_initial_stackheap                 0x08000251   Thumb Code     0  startup_stm32f103xb.o(.text)
    arm_pid_init_f32                         0x08000275   Thumb Code    72  arm_pid_init_f32.o(.text)
    arm_pid_reset_f32                        0x080002bd   Thumb Code    10  arm_pid_reset_f32.o(.text)
    __aeabi_errno_addr                       0x080002c9   Thumb Code     8  rt_errno_addr_intlibspace.o(.text)
    __errno$intlibspace                      0x080002c9   Thumb Code     0  rt_errno_addr_intlibspace.o(.text)
    __rt_errno_addr$intlibspace              0x080002c9   Thumb Code     0  rt_errno_addr_intlibspace.o(.text)
    sprintf                                  0x080002d1   Thumb Code    38  sprintf.o(.text)
    __aeabi_memclr                           0x080002fd   Thumb Code     0  rt_memclr.o(.text)
    __rt_memclr                              0x080002fd   Thumb Code     0  rt_memclr.o(.text)
    _memset                                  0x08000301   Thumb Code    64  rt_memclr.o(.text)
    __aeabi_memclr4                          0x08000341   Thumb Code     0  rt_memclr_w.o(.text)
    __aeabi_memclr8                          0x08000341   Thumb Code     0  rt_memclr_w.o(.text)
    __rt_memclr_w                            0x08000341   Thumb Code     0  rt_memclr_w.o(.text)
    _memset_w                                0x08000345   Thumb Code    74  rt_memclr_w.o(.text)
    __use_two_region_memory                  0x0800038f   Thumb Code     2  heapauxi.o(.text)
    __rt_heap_escrow$2region                 0x08000391   Thumb Code     2  heapauxi.o(.text)
    __rt_heap_expand$2region                 0x08000393   Thumb Code     2  heapauxi.o(.text)
    __user_libspace                          0x08000395   Thumb Code     8  libspace.o(.text)
    __user_perproc_libspace                  0x08000395   Thumb Code     0  libspace.o(.text)
    __user_perthread_libspace                0x08000395   Thumb Code     0  libspace.o(.text)
    __read_errno                             0x0800039d   Thumb Code    10  _rserrno.o(.text)
    __set_errno                              0x080003a7   Thumb Code    12  _rserrno.o(.text)
    _printf_pre_padding                      0x080003b3   Thumb Code    44  _printf_pad.o(.text)
    _printf_post_padding                     0x080003df   Thumb Code    34  _printf_pad.o(.text)
    _printf_truncate_signed                  0x08000401   Thumb Code    18  _printf_truncate.o(.text)
    _printf_truncate_unsigned                0x08000413   Thumb Code    18  _printf_truncate.o(.text)
    _printf_str                              0x08000425   Thumb Code    82  _printf_str.o(.text)
    _printf_int_dec                          0x08000479   Thumb Code   104  _printf_dec.o(.text)
    _printf_charcount                        0x080004f1   Thumb Code    40  _printf_charcount.o(.text)
    _printf_char_common                      0x08000523   Thumb Code    32  _printf_char_common.o(.text)
    _sputc                                   0x08000549   Thumb Code    10  _sputc.o(.text)
    _printf_wctomb                           0x08000555   Thumb Code   182  _printf_wctomb.o(.text)
    _printf_longlong_dec                     0x08000611   Thumb Code   108  _printf_longlong_dec.o(.text)
    _printf_longlong_oct                     0x0800068d   Thumb Code    68  _printf_oct_int_ll.o(.text)
    _printf_int_oct                          0x080006d1   Thumb Code    24  _printf_oct_int_ll.o(.text)
    _printf_ll_oct                           0x080006e9   Thumb Code    12  _printf_oct_int_ll.o(.text)
    _printf_longlong_hex                     0x080006fd   Thumb Code    86  _printf_hex_int_ll_ptr.o(.text)
    _printf_int_hex                          0x08000753   Thumb Code    28  _printf_hex_int_ll_ptr.o(.text)
    _printf_ll_hex                           0x0800076f   Thumb Code    12  _printf_hex_int_ll_ptr.o(.text)
    _printf_hex_ptr                          0x0800077b   Thumb Code    18  _printf_hex_int_ll_ptr.o(.text)
    __printf                                 0x08000791   Thumb Code   388  __printf_flags_ss_wp.o(.text)
    _ll_udiv10                               0x08000919   Thumb Code   138  lludiv10.o(.text)
    _printf_int_common                       0x080009a3   Thumb Code   178  _printf_intcommon.o(.text)
    _printf_fp_dec_real                      0x08000c05   Thumb Code   620  _printf_fp_dec.o(.text)
    _printf_fp_hex_real                      0x08000e71   Thumb Code   756  _printf_fp_hex.o(.text)
    _printf_cs_common                        0x0800116d   Thumb Code    20  _printf_char.o(.text)
    _printf_char                             0x08001181   Thumb Code    16  _printf_char.o(.text)
    _printf_string                           0x08001191   Thumb Code     8  _printf_char.o(.text)
    _printf_lcs_common                       0x08001199   Thumb Code    20  _printf_wchar.o(.text)
    _printf_wchar                            0x080011ad   Thumb Code    16  _printf_wchar.o(.text)
    _printf_wstring                          0x080011bd   Thumb Code     8  _printf_wchar.o(.text)
    _c16rtomb                                0x080011c5   Thumb Code    72  _c16rtomb.o(.text)
    _wcrtomb                                 0x080011c5   Thumb Code     0  _c16rtomb.o(.text)
    __user_setup_stackheap                   0x0800120d   Thumb Code    74  sys_stackheap_outer.o(.text)
    __rt_ctype_table                         0x08001259   Thumb Code    16  rt_ctype_table.o(.text)
    __rt_locale                              0x08001269   Thumb Code     8  rt_locale_intlibspace.o(.text)
    _printf_fp_infnan                        0x08001271   Thumb Code   112  _printf_fp_infnan.o(.text)
    _btod_etento                             0x080012f1   Thumb Code   224  bigflt0.o(.text)
    exit                                     0x080013d5   Thumb Code    18  exit.o(.text)
    strcmp                                   0x080013e9   Thumb Code   128  strcmpv7m.o(.text)
    _sys_exit                                0x08001469   Thumb Code     8  sys_exit.o(.text)
    __I$use$semihosting                      0x08001475   Thumb Code     0  use_no_semi.o(.text)
    __use_no_semihosting_swi                 0x08001475   Thumb Code     2  use_no_semi.o(.text)
    __semihosting_library_function           0x08001477   Thumb Code     0  indicate_semi.o(.text)
    BusFault_Handler                         0x08001479   Thumb Code     4  stm32f1xx_it.o(.text.BusFault_Handler)
    DebugMon_Handler                         0x0800147d   Thumb Code     2  stm32f1xx_it.o(.text.DebugMon_Handler)
    Error_Handler                            0x08001481   Thumb Code    14  main.o(.text.Error_Handler)
    GPIO_Read_Swich                          0x08001491   Thumb Code   154  general_gpio.o(.text.GPIO_Read_Swich)
    GPIO_Switch_Init                         0x0800152d   Thumb Code    84  general_gpio.o(.text.GPIO_Switch_Init)
    Graph_Clean_Buffer_Frame                 0x08001581   Thumb Code    20  pixelgraphics.o(.text.Graph_Clean_Buffer_Frame)
    Graph_Draw_Arc                           0x08001595   Thumb Code   266  pixelgraphics.o(.text.Graph_Draw_Arc)
    Graph_Draw_Char_1_Byte                   0x080016a1   Thumb Code   464  pixelgraphics.o(.text.Graph_Draw_Char_1_Byte)
    Graph_Draw_Line                          0x08001871   Thumb Code   302  pixelgraphics.o(.text.Graph_Draw_Line)
    Graph_Draw_LoopIcon                      0x080019a1   Thumb Code   720  menu_lcd.o(.text.Graph_Draw_LoopIcon)
    Graph_Draw_Pixel                         0x08001c71   Thumb Code   150  pixelgraphics.o(.text.Graph_Draw_Pixel)
    Graph_Draw_Triangle                      0x08001d09   Thumb Code   162  pixelgraphics.o(.text.Graph_Draw_Triangle)
    Graph_Inversion_Pos_Buffer_Frame         0x08001dad   Thumb Code    58  pixelgraphics.o(.text.Graph_Inversion_Pos_Buffer_Frame)
    Graph_Invertsion_RectangleArea           0x08001de9   Thumb Code   128  pixelgraphics.o(.text.Graph_Invertsion_RectangleArea)
    Graph_Output_String                      0x08001e69   Thumb Code   112  pixelgraphics.o(.text.Graph_Output_String)
    HAL_GPIO_Init                            0x08001ed9   Thumb Code   798  stm32f1xx_hal_gpio.o(.text.HAL_GPIO_Init)
    HAL_GPIO_ReadPin                         0x080021f9   Thumb Code    46  stm32f1xx_hal_gpio.o(.text.HAL_GPIO_ReadPin)
    HAL_GetTick                              0x08002229   Thumb Code    12  stm32f1xx_hal.o(.text.HAL_GetTick)
    HAL_I2C_Init                             0x08002235   Thumb Code   676  stm32f1xx_hal_i2c.o(.text.HAL_I2C_Init)
    HAL_I2C_MspInit                          0x080024d9   Thumb Code   126  i2c.o(.text.HAL_I2C_MspInit)
    HAL_IncTick                              0x08002559   Thumb Code    26  stm32f1xx_hal.o(.text.HAL_IncTick)
    HAL_Init                                 0x08002575   Thumb Code    38  stm32f1xx_hal.o(.text.HAL_Init)
    HAL_InitTick                             0x0800259d   Thumb Code   112  stm32f1xx_hal.o(.text.HAL_InitTick)
    HAL_MspInit                              0x0800260d   Thumb Code   100  stm32f1xx_hal_msp.o(.text.HAL_MspInit)
    HAL_NVIC_EnableIRQ                       0x08002671   Thumb Code    20  stm32f1xx_hal_cortex.o(.text.HAL_NVIC_EnableIRQ)
    HAL_NVIC_SetPriority                     0x08002685   Thumb Code    50  stm32f1xx_hal_cortex.o(.text.HAL_NVIC_SetPriority)
    HAL_NVIC_SetPriorityGrouping             0x080026b9   Thumb Code    16  stm32f1xx_hal_cortex.o(.text.HAL_NVIC_SetPriorityGrouping)
    HAL_RCC_ClockConfig                      0x080026c9   Thumb Code   598  stm32f1xx_hal_rcc.o(.text.HAL_RCC_ClockConfig)
    HAL_RCC_GetHCLKFreq                      0x08002921   Thumb Code    12  stm32f1xx_hal_rcc.o(.text.HAL_RCC_GetHCLKFreq)
    HAL_RCC_GetPCLK1Freq                     0x0800292d   Thumb Code    34  stm32f1xx_hal_rcc.o(.text.HAL_RCC_GetPCLK1Freq)
    HAL_RCC_GetSysClockFreq                  0x08002951   Thumb Code   188  stm32f1xx_hal_rcc.o(.text.HAL_RCC_GetSysClockFreq)
    HAL_RCC_OscConfig                        0x08002a0d   Thumb Code  1658  stm32f1xx_hal_rcc.o(.text.HAL_RCC_OscConfig)
    HAL_SYSTICK_Config                       0x08003089   Thumb Code    16  stm32f1xx_hal_cortex.o(.text.HAL_SYSTICK_Config)
    HAL_TIMEx_BreakCallback                  0x08003099   Thumb Code     8  stm32f1xx_hal_tim_ex.o(.text.HAL_TIMEx_BreakCallback)
    HAL_TIMEx_CommutCallback                 0x080030a1   Thumb Code     8  stm32f1xx_hal_tim_ex.o(.text.HAL_TIMEx_CommutCallback)
    HAL_TIMEx_ConfigBreakDeadTime            0x080030a9   Thumb Code   178  stm32f1xx_hal_tim_ex.o(.text.HAL_TIMEx_ConfigBreakDeadTime)
    HAL_TIMEx_MasterConfigSynchronization    0x0800315d   Thumb Code   220  stm32f1xx_hal_tim_ex.o(.text.HAL_TIMEx_MasterConfigSynchronization)
    HAL_TIM_Base_Init                        0x08003239   Thumb Code   156  stm32f1xx_hal_tim.o(.text.HAL_TIM_Base_Init)
    HAL_TIM_Base_MspInit                     0x080032d5   Thumb Code    78  tim.o(.text.HAL_TIM_Base_MspInit)
    HAL_TIM_Base_Start_IT                    0x08003325   Thumb Code   176  stm32f1xx_hal_tim.o(.text.HAL_TIM_Base_Start_IT)
    HAL_TIM_ConfigClockSource                0x080033d5   Thumb Code   388  stm32f1xx_hal_tim.o(.text.HAL_TIM_ConfigClockSource)
    HAL_TIM_IC_CaptureCallback               0x08003559   Thumb Code     8  stm32f1xx_hal_tim.o(.text.HAL_TIM_IC_CaptureCallback)
    HAL_TIM_IRQHandler                       0x08003561   Thumb Code   538  stm32f1xx_hal_tim.o(.text.HAL_TIM_IRQHandler)
    HAL_TIM_MspPostInit                      0x0800377d   Thumb Code    96  tim.o(.text.HAL_TIM_MspPostInit)
    HAL_TIM_OC_DelayElapsedCallback          0x080037dd   Thumb Code     8  stm32f1xx_hal_tim.o(.text.HAL_TIM_OC_DelayElapsedCallback)
    HAL_TIM_PWM_ConfigChannel                0x080037e5   Thumb Code   322  stm32f1xx_hal_tim.o(.text.HAL_TIM_PWM_ConfigChannel)
    HAL_TIM_PWM_Init                         0x08003929   Thumb Code   156  stm32f1xx_hal_tim.o(.text.HAL_TIM_PWM_Init)
    HAL_TIM_PWM_MspInit                      0x080039c5   Thumb Code     8  stm32f1xx_hal_tim.o(.text.HAL_TIM_PWM_MspInit)
    HAL_TIM_PWM_PulseFinishedCallback        0x080039cd   Thumb Code     8  stm32f1xx_hal_tim.o(.text.HAL_TIM_PWM_PulseFinishedCallback)
    HAL_TIM_PWM_Start                        0x080039d5   Thumb Code   352  stm32f1xx_hal_tim.o(.text.HAL_TIM_PWM_Start)
    HAL_TIM_PeriodElapsedCallback            0x08003b35   Thumb Code     8  stm32f1xx_hal_tim.o(.text.HAL_TIM_PeriodElapsedCallback)
    HAL_TIM_TriggerCallback                  0x08003b3d   Thumb Code     8  stm32f1xx_hal_tim.o(.text.HAL_TIM_TriggerCallback)
    HardFault_Handler                        0x08003b45   Thumb Code     4  stm32f1xx_it.o(.text.HardFault_Handler)
    LCD_CreateFrame                          0x08003b49   Thumb Code   662  menu_lcd.o(.text.LCD_CreateFrame)
    MX_GPIO_Init                             0x08003de1   Thumb Code   198  gpio.o(.text.MX_GPIO_Init)
    MX_I2C1_Init                             0x08003ea9   Thumb Code    72  i2c.o(.text.MX_I2C1_Init)
    MX_TIM1_Init                             0x08003ef1   Thumb Code   366  tim.o(.text.MX_TIM1_Init)
    MemManage_Handler                        0x08004061   Thumb Code     4  stm32f1xx_it.o(.text.MemManage_Handler)
    Menu_Control                             0x08004065   Thumb Code   286  menu_interface.o(.text.Menu_Control)
    Menu_Control_Init                        0x08004185   Thumb Code   108  menu_interface.o(.text.Menu_Control_Init)
    NMI_Handler                              0x080041f1   Thumb Code     4  stm32f1xx_it.o(.text.NMI_Handler)
    PendSV_Handler                           0x08004261   Thumb Code     2  stm32f1xx_it.o(.text.PendSV_Handler)
    STP_MotorHandleTIM                       0x080042a1   Thumb Code   236  stpmotor.o(.text.STP_MotorHandleTIM)
    STP_MotorInit                            0x0800438d   Thumb Code    90  stpmotor.o(.text.STP_MotorInit)
    STP_MotorMicroStep                       0x080043e9   Thumb Code   304  stpmotor.o(.text.STP_MotorMicroStep)
    STP_MotorStart                           0x08004519   Thumb Code    58  stpmotor.o(.text.STP_MotorStart)
    STP_MotorStep                            0x08004555   Thumb Code  1854  stpmotor.o(.text.STP_MotorStep)
    STP_SetMotorFrequency                    0x08004c95   Thumb Code   154  stpmotor.o(.text.STP_SetMotorFrequency)
    STP_SetMotorLimits                       0x08004d31   Thumb Code   198  stpmotor.o(.text.STP_SetMotorLimits)
    STP_SetMotorMicrosteps                   0x08004df9   Thumb Code   334  stpmotor.o(.text.STP_SetMotorMicrosteps)
    STP_SetMotorMode                         0x08004f49   Thumb Code    88  stpmotor.o(.text.STP_SetMotorMode)
    STP_SetMotorPIDParams                    0x08004fa1   Thumb Code   188  stpmotor.o(.text.STP_SetMotorPIDParams)
    STP_SetMotorPins                         0x0800505d   Thumb Code   370  stpmotor.o(.text.STP_SetMotorPins)
    SVC_Handler                              0x080051d1   Thumb Code     2  stm32f1xx_it.o(.text.SVC_Handler)
    SysTick_Handler                          0x080056d5   Thumb Code    96  stm32f1xx_it.o(.text.SysTick_Handler)
    SystemClock_Config                       0x08005735   Thumb Code   108  main.o(.text.SystemClock_Config)
    SystemInit                               0x080057a1   Thumb Code     2  system_stm32f1xx.o(.text.SystemInit)
    TIM1_UP_IRQHandler                       0x080057a5   Thumb Code    52  stm32f1xx_it.o(.text.TIM1_UP_IRQHandler)
    TIM_Base_SetConfig                       0x080057d9   Thumb Code   262  stm32f1xx_hal_tim.o(.text.TIM_Base_SetConfig)
    TIM_CCxChannelCmd                        0x080058e1   Thumb Code    54  stm32f1xx_hal_tim.o(.text.TIM_CCxChannelCmd)
    TIM_ETR_SetConfig                        0x08005919   Thumb Code    52  stm32f1xx_hal_tim.o(.text.TIM_ETR_SetConfig)
    TIM_OC2_SetConfig                        0x08005a49   Thumb Code   216  stm32f1xx_hal_tim.o(.text.TIM_OC2_SetConfig)
    UsageFault_Handler                       0x08005d35   Thumb Code     4  stm32f1xx_it.o(.text.UsageFault_Handler)
    main                                     0x08005df9   Thumb Code    62  main.o(.text.main)
    music_box_init                           0x08005e39   Thumb Code   134  music_box_main.o(.text.music_box_init)
    music_box_main                           0x08005ec1   Thumb Code   384  music_box_main.o(.text.music_box_main)
    _btod_d2e                                0x08006041   Thumb Code    62  btod.o(CL$$btod_d2e)
    _d2e_denorm_low                          0x0800607f   Thumb Code    70  btod.o(CL$$btod_d2e_denorm_low)
    _d2e_norm_op1                            0x080060c5   Thumb Code    96  btod.o(CL$$btod_d2e_norm_op1)
    __btod_div_common                        0x08006125   Thumb Code   696  btod.o(CL$$btod_div_common)
    _e2e                                     0x0800645d   Thumb Code   220  btod.o(CL$$btod_e2e)
    _btod_ediv                               0x08006539   Thumb Code    42  btod.o(CL$$btod_ediv)
    _btod_emul                               0x08006563   Thumb Code    42  btod.o(CL$$btod_emul)
    __btod_mult_common                       0x0800658d   Thumb Code   580  btod.o(CL$$btod_mult_common)
    __ARM_fpclassify                         0x080067d1   Thumb Code    40  fpclassify.o(i.__ARM_fpclassify)
    __ARM_fpclassifyf                        0x080067f9   Thumb Code    38  fpclassifyf.o(i.__ARM_fpclassifyf)
    __ieee754_rem_pio2                       0x08006821   Thumb Code   828  rred.o(i.__ieee754_rem_pio2)
    __kernel_cos                             0x08006ba9   Thumb Code   230  cos_i.o(i.__kernel_cos)
    __kernel_poly                            0x08006ca5   Thumb Code   170  poly.o(i.__kernel_poly)
    __kernel_sin                             0x08006d51   Thumb Code   224  sin_i.o(i.__kernel_sin)
    __mathlib_dbl_infnan                     0x08006e3d   Thumb Code     6  dunder.o(i.__mathlib_dbl_infnan)
    __mathlib_dbl_invalid                    0x08006e43   Thumb Code    12  dunder.o(i.__mathlib_dbl_invalid)
    __mathlib_dbl_underflow                  0x08006e51   Thumb Code    10  dunder.o(i.__mathlib_dbl_underflow)
    __mathlib_flt_infnan                     0x08006e61   Thumb Code     6  funder.o(i.__mathlib_flt_infnan)
    __mathlib_flt_invalid                    0x08006e67   Thumb Code     8  funder.o(i.__mathlib_flt_invalid)
    __mathlib_flt_underflow                  0x08006e6f   Thumb Code    10  funder.o(i.__mathlib_flt_underflow)
    __mathlib_rredf2                         0x08006e79   Thumb Code   344  rredf.o(i.__mathlib_rredf2)
    _is_digit                                0x08006fe1   Thumb Code    14  __printf_wp.o(i._is_digit)
    cosf                                     0x08006ff1   Thumb Code   328  cosf.o(i.cosf)
    sin                                      0x0800716d   Thumb Code   150  sin.o(i.sin)
    sinf                                     0x0800720d   Thumb Code   338  sinf.o(i.sinf)
    _get_lc_numeric                          0x08007395   Thumb Code    44  lc_numeric_c.o(locale$$code)
    _get_lc_ctype                            0x080073c1   Thumb Code    44  lc_ctype_c.o(locale$$code)
    __aeabi_d2f                              0x080073ed   Thumb Code     0  d2f.o(x$fpl$d2f)
    _d2f                                     0x080073ed   Thumb Code    98  d2f.o(x$fpl$d2f)
    __aeabi_dadd                             0x08007451   Thumb Code     0  daddsub_clz.o(x$fpl$dadd)
    _dadd                                    0x08007451   Thumb Code   332  daddsub_clz.o(x$fpl$dadd)
    __fpl_dcheck_NaN1                        0x080075a1   Thumb Code    10  dcheck1.o(x$fpl$dcheck1)
    __fpl_dcmp_Inf                           0x080075b1   Thumb Code    24  dcmpi.o(x$fpl$dcmpinf)
    __aeabi_ddiv                             0x080075c9   Thumb Code     0  ddiv.o(x$fpl$ddiv)
    _ddiv                                    0x080075c9   Thumb Code   556  ddiv.o(x$fpl$ddiv)
    __aeabi_cdcmpeq                          0x0800787d   Thumb Code     0  deqf.o(x$fpl$deqf)
    _dcmpeq                                  0x0800787d   Thumb Code   120  deqf.o(x$fpl$deqf)
    __aeabi_d2iz                             0x080078f5   Thumb Code     0  dfix.o(x$fpl$dfix)
    _dfix                                    0x080078f5   Thumb Code    94  dfix.o(x$fpl$dfix)
    __aeabi_d2uiz                            0x08007955   Thumb Code     0  dfixu.o(x$fpl$dfixu)
    _dfixu                                   0x08007955   Thumb Code    90  dfixu.o(x$fpl$dfixu)
    __aeabi_i2d                              0x080079af   Thumb Code     0  dflt_clz.o(x$fpl$dflt)
    _dflt                                    0x080079af   Thumb Code    46  dflt_clz.o(x$fpl$dflt)
    __aeabi_ui2d                             0x080079dd   Thumb Code     0  dflt_clz.o(x$fpl$dfltu)
    _dfltu                                   0x080079dd   Thumb Code    38  dflt_clz.o(x$fpl$dfltu)
    __aeabi_cdcmpge                          0x08007a05   Thumb Code     0  dgeqf.o(x$fpl$dgeqf)
    _dcmpge                                  0x08007a05   Thumb Code   120  dgeqf.o(x$fpl$dgeqf)
    __aeabi_cdcmple                          0x08007a7d   Thumb Code     0  dleqf.o(x$fpl$dleqf)
    _dcmple                                  0x08007a7d   Thumb Code   120  dleqf.o(x$fpl$dleqf)
    __fpl_dcmple_InfNaN                      0x08007adf   Thumb Code     0  dleqf.o(x$fpl$dleqf)
    __aeabi_dmul                             0x08007af5   Thumb Code     0  dmul.o(x$fpl$dmul)
    _dmul                                    0x08007af5   Thumb Code   332  dmul.o(x$fpl$dmul)
    __fpl_dnaninf                            0x08007c49   Thumb Code   156  dnaninf.o(x$fpl$dnaninf)
    __fpl_dretinf                            0x08007ce5   Thumb Code    12  dretinf.o(x$fpl$dretinf)
    __aeabi_drsub                            0x08007cf1   Thumb Code     0  daddsub_clz.o(x$fpl$drsb)
    _drsb                                    0x08007cf1   Thumb Code    22  daddsub_clz.o(x$fpl$drsb)
    __aeabi_dsub                             0x08007d09   Thumb Code     0  daddsub_clz.o(x$fpl$dsub)
    _dsub                                    0x08007d09   Thumb Code   472  daddsub_clz.o(x$fpl$dsub)
    __aeabi_f2d                              0x08007ee5   Thumb Code     0  f2d.o(x$fpl$f2d)
    _f2d                                     0x08007ee5   Thumb Code    86  f2d.o(x$fpl$f2d)
    __aeabi_fadd                             0x08007f3d   Thumb Code     0  faddsub_clz.o(x$fpl$fadd)
    _fadd                                    0x08007f3d   Thumb Code   196  faddsub_clz.o(x$fpl$fadd)
    __fpl_fcheck_NaN1                        0x08008001   Thumb Code     6  fcheck1.o(x$fpl$fcheck1)
    __aeabi_dcmpeq                           0x0800800d   Thumb Code     0  dcmp.o(x$fpl$fcmp)
    _deq                                     0x0800800d   Thumb Code    14  dcmp.o(x$fpl$fcmp)
    _dneq                                    0x0800801b   Thumb Code    14  dcmp.o(x$fpl$fcmp)
    __aeabi_dcmpgt                           0x08008029   Thumb Code     0  dcmp.o(x$fpl$fcmp)
    _dgr                                     0x08008029   Thumb Code    14  dcmp.o(x$fpl$fcmp)
    __aeabi_dcmpge                           0x08008037   Thumb Code     0  dcmp.o(x$fpl$fcmp)
    _dgeq                                    0x08008037   Thumb Code    14  dcmp.o(x$fpl$fcmp)
    __aeabi_dcmple                           0x08008045   Thumb Code     0  dcmp.o(x$fpl$fcmp)
    _dleq                                    0x08008045   Thumb Code    14  dcmp.o(x$fpl$fcmp)
    __aeabi_dcmplt                           0x08008053   Thumb Code     0  dcmp.o(x$fpl$fcmp)
    _dls                                     0x08008053   Thumb Code    14  dcmp.o(x$fpl$fcmp)
    __aeabi_fcmpeq                           0x08008061   Thumb Code     0  fcmp.o(x$fpl$fcmp)
    _feq                                     0x08008061   Thumb Code    14  fcmp.o(x$fpl$fcmp)
    _fneq                                    0x0800806f   Thumb Code    14  fcmp.o(x$fpl$fcmp)
    __aeabi_fcmpgt                           0x0800807d   Thumb Code     0  fcmp.o(x$fpl$fcmp)
    _fgr                                     0x0800807d   Thumb Code    14  fcmp.o(x$fpl$fcmp)
    __aeabi_fcmpge                           0x0800808b   Thumb Code     0  fcmp.o(x$fpl$fcmp)
    _fgeq                                    0x0800808b   Thumb Code    14  fcmp.o(x$fpl$fcmp)
    __aeabi_fcmple                           0x08008099   Thumb Code     0  fcmp.o(x$fpl$fcmp)
    _fleq                                    0x08008099   Thumb Code    14  fcmp.o(x$fpl$fcmp)
    __aeabi_fcmplt                           0x080080a7   Thumb Code     0  fcmp.o(x$fpl$fcmp)
    _fls                                     0x080080a7   Thumb Code    14  fcmp.o(x$fpl$fcmp)
    __fpl_fcmp_Inf                           0x080080b5   Thumb Code    24  fcmpi.o(x$fpl$fcmpinf)
    __aeabi_fdiv                             0x080080cd   Thumb Code     0  fdiv.o(x$fpl$fdiv)
    _fdiv                                    0x080080cd   Thumb Code   384  fdiv.o(x$fpl$fdiv)
    __aeabi_cfcmpeq                          0x08008251   Thumb Code     0  feqf.o(x$fpl$feqf)
    _fcmpeq                                  0x08008251   Thumb Code   104  feqf.o(x$fpl$feqf)
    __aeabi_f2iz                             0x080082b9   Thumb Code     0  ffix.o(x$fpl$ffix)
    _ffix                                    0x080082b9   Thumb Code    54  ffix.o(x$fpl$ffix)
    __aeabi_f2uiz                            0x080082f1   Thumb Code     0  ffixu.o(x$fpl$ffixu)
    _ffixu                                   0x080082f1   Thumb Code    62  ffixu.o(x$fpl$ffixu)
    __aeabi_i2f                              0x08008331   Thumb Code     0  fflt_clz.o(x$fpl$fflt)
    _fflt                                    0x08008331   Thumb Code    48  fflt_clz.o(x$fpl$fflt)
    __aeabi_ui2f                             0x08008361   Thumb Code     0  fflt_clz.o(x$fpl$ffltu)
    _ffltu                                   0x08008361   Thumb Code    38  fflt_clz.o(x$fpl$ffltu)
    _fcmpge                                  0x08008389   Thumb Code   104  fgeqf.o(x$fpl$fgeqf)
    __aeabi_cfcmple                          0x080083f1   Thumb Code     0  fleqf.o(x$fpl$fleqf)
    _fcmple                                  0x080083f1   Thumb Code   104  fleqf.o(x$fpl$fleqf)
    __fpl_fcmple_InfNaN                      0x08008443   Thumb Code     0  fleqf.o(x$fpl$fleqf)
    __aeabi_fmul                             0x08008459   Thumb Code     0  fmul.o(x$fpl$fmul)
    _fmul                                    0x08008459   Thumb Code   258  fmul.o(x$fpl$fmul)
    __fpl_fnaninf                            0x0800855b   Thumb Code   140  fnaninf.o(x$fpl$fnaninf)
    __fpl_fretinf                            0x080085e7   Thumb Code    10  fretinf.o(x$fpl$fretinf)
    _frnd                                    0x080085f1   Thumb Code    96  frnd.o(x$fpl$frnd)
    __aeabi_frsub                            0x08008651   Thumb Code     0  faddsub_clz.o(x$fpl$frsb)
    _frsb                                    0x08008651   Thumb Code    20  faddsub_clz.o(x$fpl$frsb)
    __aeabi_fsub                             0x08008665   Thumb Code     0  faddsub_clz.o(x$fpl$fsub)
    _fsub                                    0x08008665   Thumb Code   234  faddsub_clz.o(x$fpl$fsub)
    _printf_fp_dec                           0x0800874f   Thumb Code     4  printf1.o(x$fpl$printf1)
    _printf_fp_hex                           0x08008753   Thumb Code     4  printf2.o(x$fpl$printf2)
    __fpl_return_NaN                         0x08008757   Thumb Code   100  retnan.o(x$fpl$retnan)
    __ARM_scalbn                             0x080087bb   Thumb Code    92  scalbn.o(x$fpl$scalbn)
    __ARM_scalbnf                            0x08008817   Thumb Code    76  scalbnf.o(x$fpl$scalbnf)
    __fpl_cmpreturn                          0x08008863   Thumb Code    48  trapv.o(x$fpl$trapveneer)
    __I$use$fp                               0x08008892   Number         0  usenofp.o(x$fpl$usenofp)
    AHBPrescTable                            0x08008adc   Data          16  system_stm32f1xx.o(.rodata.AHBPrescTable)
    APBPrescTable                            0x08008aec   Data           8  system_stm32f1xx.o(.rodata.APBPrescTable)
    font_tahoma_8                            0x08008b06   Data        2464  pixelgraphics.o(.rodata.font_tahoma_8)
    Region$$Table$$Base                      0x080094c0   Number         0  anon$$obj.o(Region$$Table)
    Region$$Table$$Limit                     0x080094e0   Number         0  anon$$obj.o(Region$$Table)
    __ctype                                  0x08009509   Data           0  lc_ctype_c.o(locale$$data)
    SystemCoreClock                          0x20000000   Data           4  system_stm32f1xx.o(.data.SystemCoreClock)
    microsteps                               0x20000004   Data           1  music_box_main.o(.data.microsteps)
    motormode                                0x20000005   Data           1  music_box_main.o(.data.motormode)
    uwTickFreq                               0x20000026   Data           1  stm32f1xx_hal.o(.data.uwTickFreq)
    uwTickPrio                               0x20000028   Data           4  stm32f1xx_hal.o(.data.uwTickPrio)
    __libspace_start                         0x20000030   Data          96  libspace.o(.bss)
    __temporary_stack_top$libspace           0x20000090   Data           0  libspace.o(.bss)
    chSpacing                                0x2000009c   Data           1  pixelgraphics.o(.bss.chSpacing)
    hi2c1                                    0x200000a0   Data          84  i2c.o(.bss.hi2c1)
    htim1                                    0x200000f4   Data          72  tim.o(.bss.htim1)
    musicbox                                 0x20000144   Data         280  music_box_main.o(.bss.musicbox)
    oled_buf                                 0x2000025c   Data         512  oled.o(.bss.oled_buf)
    uwTick                                   0x2000065c   Data           4  stm32f1xx_hal.o(.bss.uwTick)



==============================================================================

Memory Map of the image

  Image Entry point : 0x080000ed

  Load Region LR_IROM1 (Base: 0x08000000, Size: 0x00009640, Max: 0x00010000, ABSOLUTE)

    Execution Region ER_IROM1 (Exec base: 0x08000000, Load base: 0x08000000, Size: 0x0000960c, Max: 0x00010000, ABSOLUTE)

    Exec Addr    Load Addr    Size         Type   Attr      Idx    E Section Name        Object

    0x08000000   0x08000000   0x000000ec   Data   RO            3    RESET               startup_stm32f103xb.o
    0x080000ec   0x080000ec   0x00000008   Code   RO         1308  * !!!main             c_w.l(__main.o)
    0x080000f4   0x080000f4   0x00000034   Code   RO         1803    !!!scatter          c_w.l(__scatter.o)
    0x08000128   0x08000128   0x0000001a   Code   RO         1805    !!handler_copy      c_w.l(__scatter_copy.o)
    0x08000142   0x08000142   0x00000002   PAD
    0x08000144   0x08000144   0x0000001c   Code   RO         1807    !!handler_zi        c_w.l(__scatter_zi.o)
    0x08000160   0x08000160   0x00000000   Code   RO         1467    .ARM.Collect$$_printf_percent$$00000000  c_w.l(_printf_percent.o)
    0x08000160   0x08000160   0x00000006   Code   RO         1456    .ARM.Collect$$_printf_percent$$00000001  c_w.l(_printf_n.o)
    0x08000166   0x08000166   0x00000006   Code   RO         1458    .ARM.Collect$$_printf_percent$$00000002  c_w.l(_printf_p.o)
    0x0800016c   0x0800016c   0x00000006   Code   RO         1463    .ARM.Collect$$_printf_percent$$00000003  c_w.l(_printf_f.o)
    0x08000172   0x08000172   0x00000006   Code   RO         1464    .ARM.Collect$$_printf_percent$$00000004  c_w.l(_printf_e.o)
    0x08000178   0x08000178   0x00000006   Code   RO         1465    .ARM.Collect$$_printf_percent$$00000005  c_w.l(_printf_g.o)
    0x0800017e   0x0800017e   0x00000006   Code   RO         1466    .ARM.Collect$$_printf_percent$$00000006  c_w.l(_printf_a.o)
    0x08000184   0x08000184   0x0000000a   Code   RO         1471    .ARM.Collect$$_printf_percent$$00000007  c_w.l(_printf_ll.o)
    0x0800018e   0x0800018e   0x00000006   Code   RO         1460    .ARM.Collect$$_printf_percent$$00000008  c_w.l(_printf_i.o)
    0x08000194   0x08000194   0x00000006   Code   RO         1461    .ARM.Collect$$_printf_percent$$00000009  c_w.l(_printf_d.o)
    0x0800019a   0x0800019a   0x00000006   Code   RO         1462    .ARM.Collect$$_printf_percent$$0000000A  c_w.l(_printf_u.o)
    0x080001a0   0x080001a0   0x00000006   Code   RO         1459    .ARM.Collect$$_printf_percent$$0000000B  c_w.l(_printf_o.o)
    0x080001a6   0x080001a6   0x00000006   Code   RO         1457    .ARM.Collect$$_printf_percent$$0000000C  c_w.l(_printf_x.o)
    0x080001ac   0x080001ac   0x00000006   Code   RO         1468    .ARM.Collect$$_printf_percent$$0000000D  c_w.l(_printf_lli.o)
    0x080001b2   0x080001b2   0x00000006   Code   RO         1469    .ARM.Collect$$_printf_percent$$0000000E  c_w.l(_printf_lld.o)
    0x080001b8   0x080001b8   0x00000006   Code   RO         1470    .ARM.Collect$$_printf_percent$$0000000F  c_w.l(_printf_llu.o)
    0x080001be   0x080001be   0x00000006   Code   RO         1475    .ARM.Collect$$_printf_percent$$00000010  c_w.l(_printf_llo.o)
    0x080001c4   0x080001c4   0x00000006   Code   RO         1476    .ARM.Collect$$_printf_percent$$00000011  c_w.l(_printf_llx.o)
    0x080001ca   0x080001ca   0x0000000a   Code   RO         1472    .ARM.Collect$$_printf_percent$$00000012  c_w.l(_printf_l.o)
    0x080001d4   0x080001d4   0x00000006   Code   RO         1454    .ARM.Collect$$_printf_percent$$00000013  c_w.l(_printf_c.o)
    0x080001da   0x080001da   0x00000006   Code   RO         1455    .ARM.Collect$$_printf_percent$$00000014  c_w.l(_printf_s.o)
    0x080001e0   0x080001e0   0x00000006   Code   RO         1473    .ARM.Collect$$_printf_percent$$00000015  c_w.l(_printf_lc.o)
    0x080001e6   0x080001e6   0x00000006   Code   RO         1474    .ARM.Collect$$_printf_percent$$00000016  c_w.l(_printf_ls.o)
    0x080001ec   0x080001ec   0x00000004   Code   RO         1586    .ARM.Collect$$_printf_percent$$00000017  c_w.l(_printf_percent_end.o)
    0x080001f0   0x080001f0   0x00000002   Code   RO         1653    .ARM.Collect$$libinit$$00000000  c_w.l(libinit.o)
    0x080001f2   0x080001f2   0x00000000   Code   RO         1670    .ARM.Collect$$libinit$$00000002  c_w.l(libinit2.o)
    0x080001f2   0x080001f2   0x00000000   Code   RO         1672    .ARM.Collect$$libinit$$00000004  c_w.l(libinit2.o)
    0x080001f2   0x080001f2   0x00000000   Code   RO         1674    .ARM.Collect$$libinit$$00000006  c_w.l(libinit2.o)
    0x080001f2   0x080001f2   0x00000000   Code   RO         1677    .ARM.Collect$$libinit$$0000000C  c_w.l(libinit2.o)
    0x080001f2   0x080001f2   0x00000000   Code   RO         1679    .ARM.Collect$$libinit$$0000000E  c_w.l(libinit2.o)
    0x080001f2   0x080001f2   0x00000000   Code   RO         1681    .ARM.Collect$$libinit$$00000010  c_w.l(libinit2.o)
    0x080001f2   0x080001f2   0x00000006   Code   RO         1682    .ARM.Collect$$libinit$$00000011  c_w.l(libinit2.o)
    0x080001f8   0x080001f8   0x00000000   Code   RO         1684    .ARM.Collect$$libinit$$00000013  c_w.l(libinit2.o)
    0x080001f8   0x080001f8   0x0000000c   Code   RO         1685    .ARM.Collect$$libinit$$00000014  c_w.l(libinit2.o)
    0x08000204   0x08000204   0x00000000   Code   RO         1686    .ARM.Collect$$libinit$$00000015  c_w.l(libinit2.o)
    0x08000204   0x08000204   0x00000000   Code   RO         1688    .ARM.Collect$$libinit$$00000017  c_w.l(libinit2.o)
    0x08000204   0x08000204   0x0000000a   Code   RO         1689    .ARM.Collect$$libinit$$00000018  c_w.l(libinit2.o)
    0x0800020e   0x0800020e   0x00000000   Code   RO         1690    .ARM.Collect$$libinit$$00000019  c_w.l(libinit2.o)
    0x0800020e   0x0800020e   0x00000000   Code   RO         1692    .ARM.Collect$$libinit$$0000001B  c_w.l(libinit2.o)
    0x0800020e   0x0800020e   0x00000000   Code   RO         1694    .ARM.Collect$$libinit$$0000001D  c_w.l(libinit2.o)
    0x0800020e   0x0800020e   0x00000000   Code   RO         1696    .ARM.Collect$$libinit$$0000001F  c_w.l(libinit2.o)
    0x0800020e   0x0800020e   0x00000000   Code   RO         1698    .ARM.Collect$$libinit$$00000021  c_w.l(libinit2.o)
    0x0800020e   0x0800020e   0x00000000   Code   RO         1700    .ARM.Collect$$libinit$$00000023  c_w.l(libinit2.o)
    0x0800020e   0x0800020e   0x00000000   Code   RO         1702    .ARM.Collect$$libinit$$00000025  c_w.l(libinit2.o)
    0x0800020e   0x0800020e   0x00000000   Code   RO         1704    .ARM.Collect$$libinit$$00000027  c_w.l(libinit2.o)
    0x0800020e   0x0800020e   0x00000000   Code   RO         1708    .ARM.Collect$$libinit$$0000002E  c_w.l(libinit2.o)
    0x0800020e   0x0800020e   0x00000000   Code   RO         1710    .ARM.Collect$$libinit$$00000030  c_w.l(libinit2.o)
    0x0800020e   0x0800020e   0x00000000   Code   RO         1712    .ARM.Collect$$libinit$$00000032  c_w.l(libinit2.o)
    0x0800020e   0x0800020e   0x00000000   Code   RO         1714    .ARM.Collect$$libinit$$00000034  c_w.l(libinit2.o)
    0x0800020e   0x0800020e   0x00000002   Code   RO         1715    .ARM.Collect$$libinit$$00000035  c_w.l(libinit2.o)
    0x08000210   0x08000210   0x00000002   Code   RO         1739    .ARM.Collect$$libshutdown$$00000000  c_w.l(libshutdown.o)
    0x08000212   0x08000212   0x00000000   Code   RO         1754    .ARM.Collect$$libshutdown$$00000002  c_w.l(libshutdown2.o)
    0x08000212   0x08000212   0x00000000   Code   RO         1756    .ARM.Collect$$libshutdown$$00000004  c_w.l(libshutdown2.o)
    0x08000212   0x08000212   0x00000000   Code   RO         1759    .ARM.Collect$$libshutdown$$00000007  c_w.l(libshutdown2.o)
    0x08000212   0x08000212   0x00000000   Code   RO         1762    .ARM.Collect$$libshutdown$$0000000A  c_w.l(libshutdown2.o)
    0x08000212   0x08000212   0x00000000   Code   RO         1764    .ARM.Collect$$libshutdown$$0000000C  c_w.l(libshutdown2.o)
    0x08000212   0x08000212   0x00000000   Code   RO         1767    .ARM.Collect$$libshutdown$$0000000F  c_w.l(libshutdown2.o)
    0x08000212   0x08000212   0x00000002   Code   RO         1768    .ARM.Collect$$libshutdown$$00000010  c_w.l(libshutdown2.o)
    0x08000214   0x08000214   0x00000000   Code   RO         1383    .ARM.Collect$$rtentry$$00000000  c_w.l(__rtentry.o)
    0x08000214   0x08000214   0x00000000   Code   RO         1555    .ARM.Collect$$rtentry$$00000002  c_w.l(__rtentry2.o)
    0x08000214   0x08000214   0x00000006   Code   RO         1567    .ARM.Collect$$rtentry$$00000004  c_w.l(__rtentry4.o)
    0x0800021a   0x0800021a   0x00000000   Code   RO         1557    .ARM.Collect$$rtentry$$00000009  c_w.l(__rtentry2.o)
    0x0800021a   0x0800021a   0x00000004   Code   RO         1558    .ARM.Collect$$rtentry$$0000000A  c_w.l(__rtentry2.o)
    0x0800021e   0x0800021e   0x00000000   Code   RO         1560    .ARM.Collect$$rtentry$$0000000C  c_w.l(__rtentry2.o)
    0x0800021e   0x0800021e   0x00000008   Code   RO         1561    .ARM.Collect$$rtentry$$0000000D  c_w.l(__rtentry2.o)
    0x08000226   0x08000226   0x00000002   Code   RO         1660    .ARM.Collect$$rtexit$$00000000  c_w.l(rtexit.o)
    0x08000228   0x08000228   0x00000000   Code   RO         1717    .ARM.Collect$$rtexit$$00000002  c_w.l(rtexit2.o)
    0x08000228   0x08000228   0x00000004   Code   RO         1718    .ARM.Collect$$rtexit$$00000003  c_w.l(rtexit2.o)
    0x0800022c   0x0800022c   0x00000006   Code   RO         1719    .ARM.Collect$$rtexit$$00000004  c_w.l(rtexit2.o)
    0x08000232   0x08000232   0x00000002   PAD
    0x08000234   0x08000234   0x00000040   Code   RO            4    .text               startup_stm32f103xb.o
    0x08000274   0x08000274   0x00000048   Code   RO         1225    .text               arm_cortexM3l_math.lib(arm_pid_init_f32.o)
    0x080002bc   0x080002bc   0x0000000a   Code   RO         1272    .text               arm_cortexM3l_math.lib(arm_pid_reset_f32.o)
    0x080002c6   0x080002c6   0x00000002   PAD
    0x080002c8   0x080002c8   0x00000008   Code   RO         1298    .text               c_w.l(rt_errno_addr_intlibspace.o)
    0x080002d0   0x080002d0   0x0000002c   Code   RO         1300    .text               c_w.l(sprintf.o)
    0x080002fc   0x080002fc   0x00000044   Code   RO         1302    .text               c_w.l(rt_memclr.o)
    0x08000340   0x08000340   0x0000004e   Code   RO         1304    .text               c_w.l(rt_memclr_w.o)
    0x0800038e   0x0800038e   0x00000006   Code   RO         1306    .text               c_w.l(heapauxi.o)
    0x08000394   0x08000394   0x00000008   Code   RO         1380    .text               c_w.l(libspace.o)
    0x0800039c   0x0800039c   0x00000016   Code   RO         1384    .text               c_w.l(_rserrno.o)
    0x080003b2   0x080003b2   0x0000004e   Code   RO         1388    .text               c_w.l(_printf_pad.o)
    0x08000400   0x08000400   0x00000024   Code   RO         1390    .text               c_w.l(_printf_truncate.o)
    0x08000424   0x08000424   0x00000052   Code   RO         1392    .text               c_w.l(_printf_str.o)
    0x08000476   0x08000476   0x00000002   PAD
    0x08000478   0x08000478   0x00000078   Code   RO         1394    .text               c_w.l(_printf_dec.o)
    0x080004f0   0x080004f0   0x00000028   Code   RO         1396    .text               c_w.l(_printf_charcount.o)
    0x08000518   0x08000518   0x00000030   Code   RO         1398    .text               c_w.l(_printf_char_common.o)
    0x08000548   0x08000548   0x0000000a   Code   RO         1400    .text               c_w.l(_sputc.o)
    0x08000552   0x08000552   0x00000002   PAD
    0x08000554   0x08000554   0x000000bc   Code   RO         1402    .text               c_w.l(_printf_wctomb.o)
    0x08000610   0x08000610   0x0000007c   Code   RO         1405    .text               c_w.l(_printf_longlong_dec.o)
    0x0800068c   0x0800068c   0x00000070   Code   RO         1411    .text               c_w.l(_printf_oct_int_ll.o)
    0x080006fc   0x080006fc   0x00000094   Code   RO         1431    .text               c_w.l(_printf_hex_int_ll_ptr.o)
    0x08000790   0x08000790   0x00000188   Code   RO         1451    .text               c_w.l(__printf_flags_ss_wp.o)
    0x08000918   0x08000918   0x0000008a   Code   RO         1569    .text               c_w.l(lludiv10.o)
    0x080009a2   0x080009a2   0x000000b2   Code   RO         1571    .text               c_w.l(_printf_intcommon.o)
    0x08000a54   0x08000a54   0x0000041c   Code   RO         1573    .text               c_w.l(_printf_fp_dec.o)
    0x08000e70   0x08000e70   0x000002fc   Code   RO         1577    .text               c_w.l(_printf_fp_hex.o)
    0x0800116c   0x0800116c   0x0000002c   Code   RO         1582    .text               c_w.l(_printf_char.o)
    0x08001198   0x08001198   0x0000002c   Code   RO         1584    .text               c_w.l(_printf_wchar.o)
    0x080011c4   0x080011c4   0x00000048   Code   RO         1587    .text               c_w.l(_c16rtomb.o)
    0x0800120c   0x0800120c   0x0000004a   Code   RO         1605    .text               c_w.l(sys_stackheap_outer.o)
    0x08001256   0x08001256   0x00000002   PAD
    0x08001258   0x08001258   0x00000010   Code   RO         1607    .text               c_w.l(rt_ctype_table.o)
    0x08001268   0x08001268   0x00000008   Code   RO         1612    .text               c_w.l(rt_locale_intlibspace.o)
    0x08001270   0x08001270   0x00000080   Code   RO         1614    .text               c_w.l(_printf_fp_infnan.o)
    0x080012f0   0x080012f0   0x000000e4   Code   RO         1616    .text               c_w.l(bigflt0.o)
    0x080013d4   0x080013d4   0x00000012   Code   RO         1646    .text               c_w.l(exit.o)
    0x080013e6   0x080013e6   0x00000002   PAD
    0x080013e8   0x080013e8   0x00000080   Code   RO         1667    .text               c_w.l(strcmpv7m.o)
    0x08001468   0x08001468   0x0000000c   Code   RO         1729    .text               c_w.l(sys_exit.o)
    0x08001474   0x08001474   0x00000002   Code   RO         1744    .text               c_w.l(use_no_semi.o)
    0x08001476   0x08001476   0x00000000   Code   RO         1746    .text               c_w.l(indicate_semi.o)
    0x08001476   0x08001476   0x00000002   PAD
    0x08001478   0x08001478   0x00000004   Code   RO           83    .text.BusFault_Handler  stm32f1xx_it.o
    0x0800147c   0x0800147c   0x00000002   Code   RO           89    .text.DebugMon_Handler  stm32f1xx_it.o
    0x0800147e   0x0800147e   0x00000002   PAD
    0x08001480   0x08001480   0x0000000e   Code   RO           29    .text.Error_Handler  main.o
    0x0800148e   0x0800148e   0x00000002   PAD
    0x08001490   0x08001490   0x0000009a   Code   RO         1212    .text.GPIO_Read_Swich  general_gpio.o
    0x0800152a   0x0800152a   0x00000002   PAD
    0x0800152c   0x0800152c   0x00000054   Code   RO         1210    .text.GPIO_Switch_Init  general_gpio.o
    0x08001580   0x08001580   0x00000014   Code   RO         1096    .text.Graph_Clean_Buffer_Frame  pixelgraphics.o
    0x08001594   0x08001594   0x0000010a   Code   RO         1120    .text.Graph_Draw_Arc  pixelgraphics.o
    0x0800169e   0x0800169e   0x00000002   PAD
    0x080016a0   0x080016a0   0x000001d0   Code   RO         1102    .text.Graph_Draw_Char_1_Byte  pixelgraphics.o
    0x08001870   0x08001870   0x0000012e   Code   RO         1108    .text.Graph_Draw_Line  pixelgraphics.o
    0x0800199e   0x0800199e   0x00000002   PAD
    0x080019a0   0x080019a0   0x000002d0   Code   RO         1075    .text.Graph_Draw_LoopIcon  menu_lcd.o
    0x08001c70   0x08001c70   0x00000096   Code   RO         1098    .text.Graph_Draw_Pixel  pixelgraphics.o
    0x08001d06   0x08001d06   0x00000002   PAD
    0x08001d08   0x08001d08   0x000000a2   Code   RO         1118    .text.Graph_Draw_Triangle  pixelgraphics.o
    0x08001daa   0x08001daa   0x00000002   PAD
    0x08001dac   0x08001dac   0x0000003a   Code   RO         1100    .text.Graph_Inversion_Pos_Buffer_Frame  pixelgraphics.o
    0x08001de6   0x08001de6   0x00000002   PAD
    0x08001de8   0x08001de8   0x00000080   Code   RO         1122    .text.Graph_Invertsion_RectangleArea  pixelgraphics.o
    0x08001e68   0x08001e68   0x00000070   Code   RO         1106    .text.Graph_Output_String  pixelgraphics.o
    0x08001ed8   0x08001ed8   0x0000031e   Code   RO          411    .text.HAL_GPIO_Init  stm32f1xx_hal_gpio.o
    0x080021f6   0x080021f6   0x00000002   PAD
    0x080021f8   0x080021f8   0x0000002e   Code   RO          415    .text.HAL_GPIO_ReadPin  stm32f1xx_hal_gpio.o
    0x08002226   0x08002226   0x00000002   PAD
    0x08002228   0x08002228   0x0000000c   Code   RO          309    .text.HAL_GetTick   stm32f1xx_hal.o
    0x08002234   0x08002234   0x000002a4   Code   RO          126    .text.HAL_I2C_Init  stm32f1xx_hal_i2c.o
    0x080024d8   0x080024d8   0x0000007e   Code   RO           49    .text.HAL_I2C_MspInit  i2c.o
    0x08002556   0x08002556   0x00000002   PAD
    0x08002558   0x08002558   0x0000001a   Code   RO          307    .text.HAL_IncTick   stm32f1xx_hal.o
    0x08002572   0x08002572   0x00000002   PAD
    0x08002574   0x08002574   0x00000026   Code   RO          297    .text.HAL_Init      stm32f1xx_hal.o
    0x0800259a   0x0800259a   0x00000002   PAD
    0x0800259c   0x0800259c   0x00000070   Code   RO          299    .text.HAL_InitTick  stm32f1xx_hal.o
    0x0800260c   0x0800260c   0x00000064   Code   RO          105    .text.HAL_MspInit   stm32f1xx_hal_msp.o
    0x08002670   0x08002670   0x00000014   Code   RO          479    .text.HAL_NVIC_EnableIRQ  stm32f1xx_hal_cortex.o
    0x08002684   0x08002684   0x00000032   Code   RO          471    .text.HAL_NVIC_SetPriority  stm32f1xx_hal_cortex.o
    0x080026b6   0x080026b6   0x00000002   PAD
    0x080026b8   0x080026b8   0x00000010   Code   RO          467    .text.HAL_NVIC_SetPriorityGrouping  stm32f1xx_hal_cortex.o
    0x080026c8   0x080026c8   0x00000256   Code   RO          363    .text.HAL_RCC_ClockConfig  stm32f1xx_hal_rcc.o
    0x0800291e   0x0800291e   0x00000002   PAD
    0x08002920   0x08002920   0x0000000c   Code   RO          373    .text.HAL_RCC_GetHCLKFreq  stm32f1xx_hal_rcc.o
    0x0800292c   0x0800292c   0x00000022   Code   RO          375    .text.HAL_RCC_GetPCLK1Freq  stm32f1xx_hal_rcc.o
    0x0800294e   0x0800294e   0x00000002   PAD
    0x08002950   0x08002950   0x000000bc   Code   RO          365    .text.HAL_RCC_GetSysClockFreq  stm32f1xx_hal_rcc.o
    0x08002a0c   0x08002a0c   0x0000067a   Code   RO          359    .text.HAL_RCC_OscConfig  stm32f1xx_hal_rcc.o
    0x08003086   0x08003086   0x00000002   PAD
    0x08003088   0x08003088   0x00000010   Code   RO          491    .text.HAL_SYSTICK_Config  stm32f1xx_hal_cortex.o
    0x08003098   0x08003098   0x00000008   Code   RO          998    .text.HAL_TIMEx_BreakCallback  stm32f1xx_hal_tim_ex.o
    0x080030a0   0x080030a0   0x00000008   Code   RO          994    .text.HAL_TIMEx_CommutCallback  stm32f1xx_hal_tim_ex.o
    0x080030a8   0x080030a8   0x000000b2   Code   RO          990    .text.HAL_TIMEx_ConfigBreakDeadTime  stm32f1xx_hal_tim_ex.o
    0x0800315a   0x0800315a   0x00000002   PAD
    0x0800315c   0x0800315c   0x000000dc   Code   RO          988    .text.HAL_TIMEx_MasterConfigSynchronization  stm32f1xx_hal_tim_ex.o
    0x08003238   0x08003238   0x0000009c   Code   RO          675    .text.HAL_TIM_Base_Init  stm32f1xx_hal_tim.o
    0x080032d4   0x080032d4   0x0000004e   Code   RO           65    .text.HAL_TIM_Base_MspInit  tim.o
    0x08003322   0x08003322   0x00000002   PAD
    0x08003324   0x08003324   0x000000b0   Code   RO          689    .text.HAL_TIM_Base_Start_IT  stm32f1xx_hal_tim.o
    0x080033d4   0x080033d4   0x00000184   Code   RO          867    .text.HAL_TIM_ConfigClockSource  stm32f1xx_hal_tim.o
    0x08003558   0x08003558   0x00000008   Code   RO          811    .text.HAL_TIM_IC_CaptureCallback  stm32f1xx_hal_tim.o
    0x08003560   0x08003560   0x0000021a   Code   RO          809    .text.HAL_TIM_IRQHandler  stm32f1xx_hal_tim.o
    0x0800377a   0x0800377a   0x00000002   PAD
    0x0800377c   0x0800377c   0x00000060   Code   RO           63    .text.HAL_TIM_MspPostInit  tim.o
    0x080037dc   0x080037dc   0x00000008   Code   RO          813    .text.HAL_TIM_OC_DelayElapsedCallback  stm32f1xx_hal_tim.o
    0x080037e4   0x080037e4   0x00000142   Code   RO          841    .text.HAL_TIM_PWM_ConfigChannel  stm32f1xx_hal_tim.o
    0x08003926   0x08003926   0x00000002   PAD
    0x08003928   0x08003928   0x0000009c   Code   RO          729    .text.HAL_TIM_PWM_Init  stm32f1xx_hal_tim.o
    0x080039c4   0x080039c4   0x00000008   Code   RO          731    .text.HAL_TIM_PWM_MspInit  stm32f1xx_hal_tim.o
    0x080039cc   0x080039cc   0x00000008   Code   RO          815    .text.HAL_TIM_PWM_PulseFinishedCallback  stm32f1xx_hal_tim.o
    0x080039d4   0x080039d4   0x00000160   Code   RO          737    .text.HAL_TIM_PWM_Start  stm32f1xx_hal_tim.o
    0x08003b34   0x08003b34   0x00000008   Code   RO          817    .text.HAL_TIM_PeriodElapsedCallback  stm32f1xx_hal_tim.o
    0x08003b3c   0x08003b3c   0x00000008   Code   RO          819    .text.HAL_TIM_TriggerCallback  stm32f1xx_hal_tim.o
    0x08003b44   0x08003b44   0x00000004   Code   RO           79    .text.HardFault_Handler  stm32f1xx_it.o
    0x08003b48   0x08003b48   0x00000296   Code   RO         1073    .text.LCD_CreateFrame  menu_lcd.o
    0x08003dde   0x08003dde   0x00000002   PAD
    0x08003de0   0x08003de0   0x000000c6   Code   RO           39    .text.MX_GPIO_Init  gpio.o
    0x08003ea6   0x08003ea6   0x00000002   PAD
    0x08003ea8   0x08003ea8   0x00000048   Code   RO           47    .text.MX_I2C1_Init  i2c.o
    0x08003ef0   0x08003ef0   0x0000016e   Code   RO           61    .text.MX_TIM1_Init  tim.o
    0x0800405e   0x0800405e   0x00000002   PAD
    0x08004060   0x08004060   0x00000004   Code   RO           81    .text.MemManage_Handler  stm32f1xx_it.o
    0x08004064   0x08004064   0x0000011e   Code   RO         1087    .text.Menu_Control  menu_interface.o
    0x08004182   0x08004182   0x00000002   PAD
    0x08004184   0x08004184   0x0000006c   Code   RO         1085    .text.Menu_Control_Init  menu_interface.o
    0x080041f0   0x080041f0   0x00000004   Code   RO           77    .text.NMI_Handler   stm32f1xx_it.o
    0x080041f4   0x080041f4   0x0000006c   Code   RO          477    .text.NVIC_EncodePriority  stm32f1xx_hal_cortex.o
    0x08004260   0x08004260   0x00000002   Code   RO           91    .text.PendSV_Handler  stm32f1xx_it.o
    0x08004262   0x08004262   0x00000002   PAD
    0x08004264   0x08004264   0x0000003a   Code   RO          361    .text.RCC_Delay     stm32f1xx_hal_rcc.o
    0x0800429e   0x0800429e   0x00000002   PAD
    0x080042a0   0x080042a0   0x000000ec   Code   RO         1047    .text.STP_MotorHandleTIM  stpmotor.o
    0x0800438c   0x0800438c   0x0000005a   Code   RO         1025    .text.STP_MotorInit  stpmotor.o
    0x080043e6   0x080043e6   0x00000002   PAD
    0x080043e8   0x080043e8   0x00000130   Code   RO         1043    .text.STP_MotorMicroStep  stpmotor.o
    0x08004518   0x08004518   0x0000003a   Code   RO         1039    .text.STP_MotorStart  stpmotor.o
    0x08004552   0x08004552   0x00000002   PAD
    0x08004554   0x08004554   0x0000073e   Code   RO         1045    .text.STP_MotorStep  stpmotor.o
    0x08004c92   0x08004c92   0x00000002   PAD
    0x08004c94   0x08004c94   0x0000009a   Code   RO         1041    .text.STP_SetMotorFrequency  stpmotor.o
    0x08004d2e   0x08004d2e   0x00000002   PAD
    0x08004d30   0x08004d30   0x000000c6   Code   RO         1035    .text.STP_SetMotorLimits  stpmotor.o
    0x08004df6   0x08004df6   0x00000002   PAD
    0x08004df8   0x08004df8   0x0000014e   Code   RO         1029    .text.STP_SetMotorMicrosteps  stpmotor.o
    0x08004f46   0x08004f46   0x00000002   PAD
    0x08004f48   0x08004f48   0x00000058   Code   RO         1027    .text.STP_SetMotorMode  stpmotor.o
    0x08004fa0   0x08004fa0   0x000000bc   Code   RO         1033    .text.STP_SetMotorPIDParams  stpmotor.o
    0x0800505c   0x0800505c   0x00000172   Code   RO         1037    .text.STP_SetMotorPins  stpmotor.o
    0x080051ce   0x080051ce   0x00000002   PAD
    0x080051d0   0x080051d0   0x00000002   Code   RO           87    .text.SVC_Handler   stm32f1xx_it.o
    0x080051d2   0x080051d2   0x00000002   PAD
    0x080051d4   0x080051d4   0x0000008a   Code   RO         1049    .text.Service_IsPIDInitialized  stpmotor.o
    0x0800525e   0x0800525e   0x00000002   PAD
    0x08005260   0x08005260   0x00000110   Code   RO         1051    .text.Service_Ramp_ControlValue  stpmotor.o
    0x08005370   0x08005370   0x000001c8   Code   RO         1053    .text.Service_SetMotorFrequency  stpmotor.o
    0x08005538   0x08005538   0x00000148   Code   RO         1031    .text.Service_SetMotorMode  stpmotor.o
    0x08005680   0x08005680   0x00000052   Code   RO          493    .text.SysTick_Config  stm32f1xx_hal_cortex.o
    0x080056d2   0x080056d2   0x00000002   PAD
    0x080056d4   0x080056d4   0x00000060   Code   RO           93    .text.SysTick_Handler  stm32f1xx_it.o
    0x08005734   0x08005734   0x0000006c   Code   RO           27    .text.SystemClock_Config  main.o
    0x080057a0   0x080057a0   0x00000002   Code   RO         1011    .text.SystemInit    system_stm32f1xx.o
    0x080057a2   0x080057a2   0x00000002   PAD
    0x080057a4   0x080057a4   0x00000034   Code   RO           95    .text.TIM1_UP_IRQHandler  stm32f1xx_it.o
    0x080057d8   0x080057d8   0x00000106   Code   RO          679    .text.TIM_Base_SetConfig  stm32f1xx_hal_tim.o
    0x080058de   0x080058de   0x00000002   PAD
    0x080058e0   0x080058e0   0x00000036   Code   RO          713    .text.TIM_CCxChannelCmd  stm32f1xx_hal_tim.o
    0x08005916   0x08005916   0x00000002   PAD
    0x08005918   0x08005918   0x00000034   Code   RO          865    .text.TIM_ETR_SetConfig  stm32f1xx_hal_tim.o
    0x0800594c   0x0800594c   0x0000002a   Code   RO          871    .text.TIM_ITRx_SetConfig  stm32f1xx_hal_tim.o
    0x08005976   0x08005976   0x00000002   PAD
    0x08005978   0x08005978   0x000000ce   Code   RO          823    .text.TIM_OC1_SetConfig  stm32f1xx_hal_tim.o
    0x08005a46   0x08005a46   0x00000002   PAD
    0x08005a48   0x08005a48   0x000000d8   Code   RO          825    .text.TIM_OC2_SetConfig  stm32f1xx_hal_tim.o
    0x08005b20   0x08005b20   0x000000d6   Code   RO          827    .text.TIM_OC3_SetConfig  stm32f1xx_hal_tim.o
    0x08005bf6   0x08005bf6   0x00000002   PAD
    0x08005bf8   0x08005bf8   0x00000096   Code   RO          829    .text.TIM_OC4_SetConfig  stm32f1xx_hal_tim.o
    0x08005c8e   0x08005c8e   0x00000002   PAD
    0x08005c90   0x08005c90   0x00000050   Code   RO          869    .text.TIM_TI1_ConfigInputStage  stm32f1xx_hal_tim.o
    0x08005ce0   0x08005ce0   0x00000052   Code   RO          873    .text.TIM_TI2_ConfigInputStage  stm32f1xx_hal_tim.o
    0x08005d32   0x08005d32   0x00000002   PAD
    0x08005d34   0x08005d34   0x00000004   Code   RO           85    .text.UsageFault_Handler  stm32f1xx_it.o
    0x08005d38   0x08005d38   0x00000030   Code   RO          481    .text.__NVIC_EnableIRQ  stm32f1xx_hal_cortex.o
    0x08005d68   0x08005d68   0x00000010   Code   RO          473    .text.__NVIC_GetPriorityGrouping  stm32f1xx_hal_cortex.o
    0x08005d78   0x08005d78   0x00000042   Code   RO          475    .text.__NVIC_SetPriority  stm32f1xx_hal_cortex.o
    0x08005dba   0x08005dba   0x00000002   PAD
    0x08005dbc   0x08005dbc   0x0000003c   Code   RO          469    .text.__NVIC_SetPriorityGrouping  stm32f1xx_hal_cortex.o
    0x08005df8   0x08005df8   0x0000003e   Code   RO           25    .text.main          main.o
    0x08005e36   0x08005e36   0x00000002   PAD
    0x08005e38   0x08005e38   0x00000086   Code   RO           11    .text.music_box_init  music_box_main.o
    0x08005ebe   0x08005ebe   0x00000002   PAD
    0x08005ec0   0x08005ec0   0x00000180   Code   RO           13    .text.music_box_main  music_box_main.o
    0x08006040   0x08006040   0x0000003e   Code   RO         1619    CL$$btod_d2e        c_w.l(btod.o)
    0x0800607e   0x0800607e   0x00000046   Code   RO         1621    CL$$btod_d2e_denorm_low  c_w.l(btod.o)
    0x080060c4   0x080060c4   0x00000060   Code   RO         1620    CL$$btod_d2e_norm_op1  c_w.l(btod.o)
    0x08006124   0x08006124   0x00000338   Code   RO         1629    CL$$btod_div_common  c_w.l(btod.o)
    0x0800645c   0x0800645c   0x000000dc   Code   RO         1626    CL$$btod_e2e        c_w.l(btod.o)
    0x08006538   0x08006538   0x0000002a   Code   RO         1623    CL$$btod_ediv       c_w.l(btod.o)
    0x08006562   0x08006562   0x0000002a   Code   RO         1622    CL$$btod_emul       c_w.l(btod.o)
    0x0800658c   0x0800658c   0x00000244   Code   RO         1628    CL$$btod_mult_common  c_w.l(btod.o)
    0x080067d0   0x080067d0   0x00000028   Code   RO         1601    i.__ARM_fpclassify  m_ws.l(fpclassify.o)
    0x080067f8   0x080067f8   0x00000026   Code   RO         1527    i.__ARM_fpclassifyf  m_ws.l(fpclassifyf.o)
    0x0800681e   0x0800681e   0x00000002   PAD
    0x08006820   0x08006820   0x00000388   Code   RO         1543    i.__ieee754_rem_pio2  m_ws.l(rred.o)
    0x08006ba8   0x08006ba8   0x000000fc   Code   RO         1510    i.__kernel_cos      m_ws.l(cos_i.o)
    0x08006ca4   0x08006ca4   0x000000aa   Code   RO         1603    i.__kernel_poly     m_ws.l(poly.o)
    0x08006d4e   0x08006d4e   0x00000002   PAD
    0x08006d50   0x08006d50   0x000000ec   Code   RO         1551    i.__kernel_sin      m_ws.l(sin_i.o)
    0x08006e3c   0x08006e3c   0x00000006   Code   RO         1514    i.__mathlib_dbl_infnan  m_ws.l(dunder.o)
    0x08006e42   0x08006e42   0x0000000c   Code   RO         1516    i.__mathlib_dbl_invalid  m_ws.l(dunder.o)
    0x08006e4e   0x08006e4e   0x00000002   PAD
    0x08006e50   0x08006e50   0x00000010   Code   RO         1519    i.__mathlib_dbl_underflow  m_ws.l(dunder.o)
    0x08006e60   0x08006e60   0x00000006   Code   RO         1530    i.__mathlib_flt_infnan  m_ws.l(funder.o)
    0x08006e66   0x08006e66   0x00000008   Code   RO         1532    i.__mathlib_flt_invalid  m_ws.l(funder.o)
    0x08006e6e   0x08006e6e   0x0000000a   Code   RO         1535    i.__mathlib_flt_underflow  m_ws.l(funder.o)
    0x08006e78   0x08006e78   0x00000168   Code   RO         1548    i.__mathlib_rredf2  m_ws.l(rredf.o)
    0x08006fe0   0x08006fe0   0x0000000e   Code   RO         1444    i._is_digit         c_w.l(__printf_wp.o)
    0x08006fee   0x08006fee   0x00000002   PAD
    0x08006ff0   0x08006ff0   0x0000017c   Code   RO         1369    i.cosf              m_ws.l(cosf.o)
    0x0800716c   0x0800716c   0x000000a0   Code   RO         1373    i.sin               m_ws.l(sin.o)
    0x0800720c   0x0800720c   0x00000188   Code   RO         1377    i.sinf              m_ws.l(sinf.o)
    0x08007394   0x08007394   0x0000002c   Code   RO         1644    locale$$code        c_w.l(lc_numeric_c.o)
    0x080073c0   0x080073c0   0x0000002c   Code   RO         1665    locale$$code        c_w.l(lc_ctype_c.o)
    0x080073ec   0x080073ec   0x00000062   Code   RO         1310    x$fpl$d2f           fz_ws.l(d2f.o)
    0x0800744e   0x0800744e   0x00000002   PAD
    0x08007450   0x08007450   0x00000150   Code   RO         1312    x$fpl$dadd          fz_ws.l(daddsub_clz.o)
    0x080075a0   0x080075a0   0x00000010   Code   RO         1654    x$fpl$dcheck1       fz_ws.l(dcheck1.o)
    0x080075b0   0x080075b0   0x00000018   Code   RO         1589    x$fpl$dcmpinf       fz_ws.l(dcmpi.o)
    0x080075c8   0x080075c8   0x000002b4   Code   RO         1321    x$fpl$ddiv          fz_ws.l(ddiv.o)
    0x0800787c   0x0800787c   0x00000078   Code   RO         1477    x$fpl$deqf          fz_ws.l(deqf.o)
    0x080078f4   0x080078f4   0x0000005e   Code   RO         1591    x$fpl$dfix          fz_ws.l(dfix.o)
    0x08007952   0x08007952   0x00000002   PAD
    0x08007954   0x08007954   0x0000005a   Code   RO         1324    x$fpl$dfixu         fz_ws.l(dfixu.o)
    0x080079ae   0x080079ae   0x0000002e   Code   RO         1329    x$fpl$dflt          fz_ws.l(dflt_clz.o)
    0x080079dc   0x080079dc   0x00000026   Code   RO         1328    x$fpl$dfltu         fz_ws.l(dflt_clz.o)
    0x08007a02   0x08007a02   0x00000002   PAD
    0x08007a04   0x08007a04   0x00000078   Code   RO         1479    x$fpl$dgeqf         fz_ws.l(dgeqf.o)
    0x08007a7c   0x08007a7c   0x00000078   Code   RO         1481    x$fpl$dleqf         fz_ws.l(dleqf.o)
    0x08007af4   0x08007af4   0x00000154   Code   RO         1334    x$fpl$dmul          fz_ws.l(dmul.o)
    0x08007c48   0x08007c48   0x0000009c   Code   RO         1483    x$fpl$dnaninf       fz_ws.l(dnaninf.o)
    0x08007ce4   0x08007ce4   0x0000000c   Code   RO         1485    x$fpl$dretinf       fz_ws.l(dretinf.o)
    0x08007cf0   0x08007cf0   0x00000016   Code   RO         1313    x$fpl$drsb          fz_ws.l(daddsub_clz.o)
    0x08007d06   0x08007d06   0x00000002   PAD
    0x08007d08   0x08007d08   0x000001dc   Code   RO         1314    x$fpl$dsub          fz_ws.l(daddsub_clz.o)
    0x08007ee4   0x08007ee4   0x00000056   Code   RO         1336    x$fpl$f2d           fz_ws.l(f2d.o)
    0x08007f3a   0x08007f3a   0x00000002   PAD
    0x08007f3c   0x08007f3c   0x000000c4   Code   RO         1338    x$fpl$fadd          fz_ws.l(faddsub_clz.o)
    0x08008000   0x08008000   0x0000000c   Code   RO         1487    x$fpl$fcheck1       fz_ws.l(fcheck1.o)
    0x0800800c   0x0800800c   0x00000054   Code   RO         1318    x$fpl$fcmp          fz_ws.l(dcmp.o)
    0x08008060   0x08008060   0x00000054   Code   RO         1344    x$fpl$fcmp          fz_ws.l(fcmp.o)
    0x080080b4   0x080080b4   0x00000018   Code   RO         1595    x$fpl$fcmpinf       fz_ws.l(fcmpi.o)
    0x080080cc   0x080080cc   0x00000184   Code   RO         1347    x$fpl$fdiv          fz_ws.l(fdiv.o)
    0x08008250   0x08008250   0x00000068   Code   RO         1489    x$fpl$feqf          fz_ws.l(feqf.o)
    0x080082b8   0x080082b8   0x00000036   Code   RO         1350    x$fpl$ffix          fz_ws.l(ffix.o)
    0x080082ee   0x080082ee   0x00000002   PAD
    0x080082f0   0x080082f0   0x0000003e   Code   RO         1354    x$fpl$ffixu         fz_ws.l(ffixu.o)
    0x0800832e   0x0800832e   0x00000002   PAD
    0x08008330   0x08008330   0x00000030   Code   RO         1359    x$fpl$fflt          fz_ws.l(fflt_clz.o)
    0x08008360   0x08008360   0x00000026   Code   RO         1358    x$fpl$ffltu         fz_ws.l(fflt_clz.o)
    0x08008386   0x08008386   0x00000002   PAD
    0x08008388   0x08008388   0x00000068   Code   RO         1491    x$fpl$fgeqf         fz_ws.l(fgeqf.o)
    0x080083f0   0x080083f0   0x00000068   Code   RO         1493    x$fpl$fleqf         fz_ws.l(fleqf.o)
    0x08008458   0x08008458   0x00000102   Code   RO         1364    x$fpl$fmul          fz_ws.l(fmul.o)
    0x0800855a   0x0800855a   0x0000008c   Code   RO         1495    x$fpl$fnaninf       fz_ws.l(fnaninf.o)
    0x080085e6   0x080085e6   0x0000000a   Code   RO         1497    x$fpl$fretinf       fz_ws.l(fretinf.o)
    0x080085f0   0x080085f0   0x00000060   Code   RO         1499    x$fpl$frnd          fz_ws.l(frnd.o)
    0x08008650   0x08008650   0x00000014   Code   RO         1339    x$fpl$frsb          fz_ws.l(faddsub_clz.o)
    0x08008664   0x08008664   0x000000ea   Code   RO         1340    x$fpl$fsub          fz_ws.l(faddsub_clz.o)
    0x0800874e   0x0800874e   0x00000004   Code   RO         1501    x$fpl$printf1       fz_ws.l(printf1.o)
    0x08008752   0x08008752   0x00000004   Code   RO         1503    x$fpl$printf2       fz_ws.l(printf2.o)
    0x08008756   0x08008756   0x00000064   Code   RO         1597    x$fpl$retnan        fz_ws.l(retnan.o)
    0x080087ba   0x080087ba   0x0000005c   Code   RO         1599    x$fpl$scalbn        fz_ws.l(scalbn.o)
    0x08008816   0x08008816   0x0000004c   Code   RO         1366    x$fpl$scalbnf       fz_ws.l(scalbnf.o)
    0x08008862   0x08008862   0x00000030   Code   RO         1658    x$fpl$trapveneer    fz_ws.l(trapv.o)
    0x08008892   0x08008892   0x00000000   Code   RO         1509    x$fpl$usenofp       fz_ws.l(usenofp.o)
    0x08008892   0x08008892   0x00000002   PAD
    0x08008894   0x08008894   0x00000008   Data   RO         1403    .constdata          c_w.l(_printf_wctomb.o)
    0x0800889c   0x0800889c   0x00000028   Data   RO         1432    .constdata          c_w.l(_printf_hex_int_ll_ptr.o)
    0x080088c4   0x080088c4   0x00000011   Data   RO         1452    .constdata          c_w.l(__printf_flags_ss_wp.o)
    0x080088d5   0x080088d5   0x00000003   PAD
    0x080088d8   0x080088d8   0x00000030   Data   RO         1511    .constdata          m_ws.l(cos_i.o)
    0x08008908   0x08008908   0x000000cc   Data   RO         1545    .constdata          m_ws.l(rred.o)
    0x080089d4   0x080089d4   0x00000020   Data   RO         1549    .constdata          m_ws.l(rredf.o)
    0x080089f4   0x080089f4   0x00000004   PAD
    0x080089f8   0x080089f8   0x00000028   Data   RO         1552    .constdata          m_ws.l(sin_i.o)
    0x08008a20   0x08008a20   0x00000026   Data   RO         1578    .constdata          c_w.l(_printf_fp_hex.o)
    0x08008a46   0x08008a46   0x00000002   PAD
    0x08008a48   0x08008a48   0x00000094   Data   RO         1617    .constdata          c_w.l(bigflt0.o)
    0x08008adc   0x08008adc   0x00000010   Data   RO         1016    .rodata.AHBPrescTable  system_stm32f1xx.o
    0x08008aec   0x08008aec   0x00000008   Data   RO         1017    .rodata.APBPrescTable  system_stm32f1xx.o
    0x08008af4   0x08008af4   0x00000010   Data   RO          387    .rodata.HAL_RCC_GetSysClockFreq.aPLLMULFactorTable  stm32f1xx_hal_rcc.o
    0x08008b04   0x08008b04   0x00000002   Data   RO          388    .rodata.HAL_RCC_GetSysClockFreq.aPredivFactorTable  stm32f1xx_hal_rcc.o
    0x08008b06   0x08008b06   0x000009a0   Data   RO         1124    .rodata.font_tahoma_8  pixelgraphics.o
    0x080094a6   0x080094a6   0x00000019   Data   RO         1077    .rodata.str1.1      menu_lcd.o
    0x080094bf   0x080094bf   0x00000001   PAD
    0x080094c0   0x080094c0   0x00000020   Data   RO         1802    Region$$Table       anon$$obj.o
    0x080094e0   0x080094e0   0x0000001c   Data   RO         1643    locale$$data        c_w.l(lc_numeric_c.o)
    0x080094fc   0x080094fc   0x00000110   Data   RO         1664    locale$$data        c_w.l(lc_ctype_c.o)


    Execution Region RW_IRAM1 (Exec base: 0x20000000, Load base: 0x08009610, Size: 0x00000c60, Max: 0x00005000, ABSOLUTE)

    Exec Addr    Load Addr    Size         Type   Attr      Idx    E Section Name        Object

    0x20000000   0x08009610   0x00000004   Data   RW         1015    .data.SystemCoreClock  system_stm32f1xx.o
    0x20000004   0x08009614   0x00000001   Data   RW           16    .data.microsteps    music_box_main.o
    0x20000005   0x08009615   0x00000001   Data   RW           17    .data.motormode     music_box_main.o
    0x20000006   0x08009616   0x00000008   Data   RW         1063    .data.sequenceFullStep  stpmotor.o
    0x2000000e   0x0800961e   0x00000010   Data   RW         1064    .data.sequenceHalfStep  stpmotor.o
    0x2000001e   0x0800962e   0x00000008   Data   RW         1065    .data.sequenceHalfStepSine  stpmotor.o
    0x20000026   0x08009636   0x00000001   Data   RW          348    .data.uwTickFreq    stm32f1xx_hal.o
    0x20000027   0x08009637   0x00000001   PAD
    0x20000028   0x08009638   0x00000004   Data   RW          347    .data.uwTickPrio    stm32f1xx_hal.o
    0x2000002c   0x0800963c   0x00000004   PAD
    0x20000030        -       0x00000060   Zero   RW         1381    .bss                c_w.l(libspace.o)
    0x20000090        -       0x00000004   Zero   RW         1061    .bss.Service_SetMotorFrequency.speed_prev  stpmotor.o
    0x20000094        -       0x00000001   Zero   RW         1062    .bss.Service_SetMotorMode.mode_shdw  stpmotor.o
    0x20000095   0x0800963c   0x00000003   PAD
    0x20000098        -       0x00000004   Zero   RW           97    .bss.SysTick_Handler.oled_prevtick  stm32f1xx_it.o
    0x2000009c        -       0x00000001   Zero   RW         1125    .bss.chSpacing      pixelgraphics.o
    0x2000009d   0x0800963c   0x00000003   PAD
    0x200000a0        -       0x00000054   Zero   RW           53    .bss.hi2c1          i2c.o
    0x200000f4        -       0x00000048   Zero   RW           69    .bss.htim1          tim.o
    0x2000013c        -       0x00000004   Zero   RW         1060    .bss.increment_cnt  stpmotor.o
    0x20000140        -       0x00000001   Zero   RW         1056    .bss.microstep_cnt1  stpmotor.o
    0x20000141        -       0x00000001   Zero   RW         1057    .bss.microstep_cnt2  stpmotor.o
    0x20000142        -       0x00000001   Zero   RW         1058    .bss.microstep_cnt3  stpmotor.o
    0x20000143        -       0x00000001   Zero   RW         1059    .bss.microstep_cnt4  stpmotor.o
    0x20000144        -       0x00000118   Zero   RW           15    .bss.musicbox       music_box_main.o
    0x2000025c        -       0x00000200   Zero   RW         1147    .bss.oled_buf       oled.o
    0x2000045c        -       0x00000200   Zero   RW         1055    .bss.sin_table      stpmotor.o
    0x2000065c        -       0x00000004   Zero   RW          349    .bss.uwTick         stm32f1xx_hal.o
    0x20000660        -       0x00000200   Zero   RW            2    HEAP                startup_stm32f103xb.o
    0x20000860        -       0x00000400   Zero   RW            1    STACK               startup_stm32f103xb.o


==============================================================================

Image component sizes


      Code (inc. data)   RO Data    RW Data    ZI Data      Debug   Object Name

       238          0          0          0          0       4062   general_gpio.o
       198          0          0          0          0       1429   gpio.o
       198          0          0          0         84       4241   i2c.o
       184          0          0          0          0       1833   main.o
       394          0          0          0          0       1902   menu_interface.o
      1382          0         25          0          0       2487   menu_lcd.o
       518          0          0          2        280       5848   music_box_main.o
         0          0          0          0        512       1834   oled.o
      1662          0       2464          0          1       6259   pixelgraphics.o
        64         26        236          0       1536        780   startup_stm32f103xb.o
       188          0          0          5          4       5536   stm32f1xx_hal.o
       482          0          0          0          0       7487   stm32f1xx_hal_cortex.o
       844          0          0          0          0       4191   stm32f1xx_hal_gpio.o
       676          0          0          0          0      37271   stm32f1xx_hal_i2c.o
       100          0          0          0          0       1174   stm32f1xx_hal_msp.o
      2548          0         18          0          0       7387   stm32f1xx_hal_rcc.o
      3494         14          0          0          0      35466   stm32f1xx_hal_tim.o
       414          0          0          0          0      15008   stm32f1xx_hal_tim_ex.o
       174          0          0          0          4       1396   stm32f1xx_it.o
      5068          0          0         32        525      10645   stpmotor.o
         2          0         24          4          0       1546   system_stm32f1xx.o
       540          0          0          0         72       6727   tim.o

    ----------------------------------------------------------------------
     19464         40       2800         44       3028     164509   Object Totals
         0          0         32          0          0          0   (incl. Generated)
        96          0          1          1         10          0   (incl. Padding)

    ----------------------------------------------------------------------

      Code (inc. data)   RO Data    RW Data    ZI Data      Debug   Library Member Name

        72          0          0          0          0      20147   arm_pid_init_f32.o
        10          0          0          0          0        524   arm_pid_reset_f32.o
         8          0          0          0          0         68   __main.o
       392          4         17          0          0         92   __printf_flags_ss_wp.o
        14          0          0          0          0         68   __printf_wp.o
         0          0          0          0          0          0   __rtentry.o
        12          0          0          0          0          0   __rtentry2.o
         6          0          0          0          0          0   __rtentry4.o
        52          8          0          0          0          0   __scatter.o
        26          0          0          0          0          0   __scatter_copy.o
        28          0          0          0          0          0   __scatter_zi.o
        72          0          0          0          0         96   _c16rtomb.o
         6          0          0          0          0          0   _printf_a.o
         6          0          0          0          0          0   _printf_c.o
        44          0          0          0          0        108   _printf_char.o
        48          6          0          0          0         96   _printf_char_common.o
        40          0          0          0          0         68   _printf_charcount.o
         6          0          0          0          0          0   _printf_d.o
       120         16          0          0          0         92   _printf_dec.o
         6          0          0          0          0          0   _printf_e.o
         6          0          0          0          0          0   _printf_f.o
      1052          0          0          0          0        148   _printf_fp_dec.o
       764          8         38          0          0        100   _printf_fp_hex.o
       128         16          0          0          0         84   _printf_fp_infnan.o
         6          0          0          0          0          0   _printf_g.o
       148          4         40          0          0        160   _printf_hex_int_ll_ptr.o
         6          0          0          0          0          0   _printf_i.o
       178          0          0          0          0         88   _printf_intcommon.o
        10          0          0          0          0          0   _printf_l.o
         6          0          0          0          0          0   _printf_lc.o
        10          0          0          0          0          0   _printf_ll.o
         6          0          0          0          0          0   _printf_lld.o
         6          0          0          0          0          0   _printf_lli.o
         6          0          0          0          0          0   _printf_llo.o
         6          0          0          0          0          0   _printf_llu.o
         6          0          0          0          0          0   _printf_llx.o
       124         16          0          0          0         92   _printf_longlong_dec.o
         6          0          0          0          0          0   _printf_ls.o
         6          0          0          0          0          0   _printf_n.o
         6          0          0          0          0          0   _printf_o.o
       112          8          0          0          0        124   _printf_oct_int_ll.o
         6          0          0          0          0          0   _printf_p.o
        78          0          0          0          0        108   _printf_pad.o
         0          0          0          0          0          0   _printf_percent.o
         4          0          0          0          0          0   _printf_percent_end.o
         6          0          0          0          0          0   _printf_s.o
        82          0          0          0          0         80   _printf_str.o
        36          0          0          0          0         84   _printf_truncate.o
         6          0          0          0          0          0   _printf_u.o
        44          0          0          0          0        108   _printf_wchar.o
       188          6          8          0          0         92   _printf_wctomb.o
         6          0          0          0          0          0   _printf_x.o
        22          0          0          0          0        100   _rserrno.o
        10          0          0          0          0         68   _sputc.o
       228          4        148          0          0         96   bigflt0.o
      1936        128          0          0          0        668   btod.o
        18          0          0          0          0         80   exit.o
         6          0          0          0          0        152   heapauxi.o
         0          0          0          0          0          0   indicate_semi.o
        44         10        272          0          0         76   lc_ctype_c.o
        44         10         28          0          0         76   lc_numeric_c.o
         2          0          0          0          0          0   libinit.o
        30          0          0          0          0          0   libinit2.o
         2          0          0          0          0          0   libshutdown.o
         2          0          0          0          0          0   libshutdown2.o
         8          4          0          0         96         68   libspace.o
       138          0          0          0          0         80   lludiv10.o
        16          4          0          0          0         76   rt_ctype_table.o
         8          4          0          0          0         68   rt_errno_addr_intlibspace.o
         8          4          0          0          0         68   rt_locale_intlibspace.o
        68          0          0          0          0         68   rt_memclr.o
        78          0          0          0          0         80   rt_memclr_w.o
         2          0          0          0          0          0   rtexit.o
        10          0          0          0          0          0   rtexit2.o
        44          6          0          0          0         84   sprintf.o
       128          0          0          0          0         68   strcmpv7m.o
        12          4          0          0          0         68   sys_exit.o
        74          0          0          0          0         80   sys_stackheap_outer.o
         2          0          0          0          0         68   use_no_semi.o
        98          4          0          0          0         92   d2f.o
       834         16          0          0          0        372   daddsub_clz.o
        16          4          0          0          0         68   dcheck1.o
        84          0          0          0          0        196   dcmp.o
        24          0          0          0          0         68   dcmpi.o
       692        140          0          0          0        216   ddiv.o
       120          4          0          0          0         92   deqf.o
        94          4          0          0          0         92   dfix.o
        90          4          0          0          0         92   dfixu.o
        84          0          0          0          0        136   dflt_clz.o
       120          4          0          0          0         92   dgeqf.o
       120          4          0          0          0         92   dleqf.o
       340         12          0          0          0        104   dmul.o
       156          4          0          0          0         92   dnaninf.o
        12          0          0          0          0         68   dretinf.o
        86          4          0          0          0         84   f2d.o
       450          8          0          0          0        236   faddsub_clz.o
        12          4          0          0          0         68   fcheck1.o
        84          0          0          0          0        196   fcmp.o
        24          0          0          0          0         68   fcmpi.o
       388         76          0          0          0         96   fdiv.o
       104          4          0          0          0         84   feqf.o
        54          4          0          0          0         84   ffix.o
        62          4          0          0          0         84   ffixu.o
        86          0          0          0          0        136   fflt_clz.o
       104          4          0          0          0         84   fgeqf.o
       104          4          0          0          0         84   fleqf.o
       258          4          0          0          0         84   fmul.o
       140          4          0          0          0         84   fnaninf.o
        10          0          0          0          0         68   fretinf.o
        96          4          0          0          0         76   frnd.o
         4          0          0          0          0         68   printf1.o
         4          0          0          0          0         68   printf2.o
       100          0          0          0          0         68   retnan.o
        92          0          0          0          0         68   scalbn.o
        76          0          0          0          0         68   scalbnf.o
        48          0          0          0          0         68   trapv.o
         0          0          0          0          0          0   usenofp.o
       252         22         48          0          0        124   cos_i.o
       380         52          0          0          0        124   cosf.o
        34          6          0          0          0        204   dunder.o
        40          0          0          0          0         68   fpclassify.o
        38          0          0          0          0         68   fpclassifyf.o
        24          0          0          0          0        204   funder.o
       170          0          0          0          0         96   poly.o
       904         76        204          0          0        140   rred.o
       360         16         32          0          0         88   rredf.o
       160         10          0          0          0        108   sin.o
       236         12         40          0          0        128   sin_i.o
       392         54          0          0          0        124   sinf.o

    ----------------------------------------------------------------------
     15264        842        884          0         96      30191   Library Totals
        42          0          9          0          0          0   (incl. Padding)

    ----------------------------------------------------------------------

      Code (inc. data)   RO Data    RW Data    ZI Data      Debug   Library Name

        82          0          0          0          0      20671   arm_cortexM3l_math.lib
      6880        270        551          0         96       4148   c_w.l
      5270        324          0          0          0       3896   fz_ws.l
      2990        248        324          0          0       1476   m_ws.l

    ----------------------------------------------------------------------
     15264        842        884          0         96      30191   Library Totals

    ----------------------------------------------------------------------

==============================================================================


      Code (inc. data)   RO Data    RW Data    ZI Data      Debug   

     34728        882       3684         44       3124     189012   Grand Totals
     34728        882       3684         44       3124     189012   ELF Image Totals
     34728        882       3684         44          0          0   ROM Totals

==============================================================================

    Total RO  Size (Code + RO Data)                38412 (  37.51kB)
    Total RW  Size (RW Data + ZI Data)              3168 (   3.09kB)
    Total ROM Size (Code + RO Data + RW Data)      38456 (  37.55kB)

==============================================================================

